Component: Arm Compiler for Embedded 6.21 Tool: armlink [5ec1fa00]

==============================================================================

Section Cross References

    startup_stm32f446xx.o(STACK) refers (Special) to heapauxi.o(.text) for __use_two_region_memory
    startup_stm32f446xx.o(HEAP) refers (Special) to heapauxi.o(.text) for __use_two_region_memory
    startup_stm32f446xx.o(RESET) refers (Special) to heapauxi.o(.text) for __use_two_region_memory
    startup_stm32f446xx.o(RESET) refers to startup_stm32f446xx.o(STACK) for __initial_sp
    startup_stm32f446xx.o(RESET) refers to startup_stm32f446xx.o(.text) for Reset_Handler
    startup_stm32f446xx.o(RESET) refers to stm32f4xx_it.o(.text.NMI_Handler) for NMI_Handler
    startup_stm32f446xx.o(RESET) refers to stm32f4xx_it.o(.text.HardFault_Handler) for HardFault_Handler
    startup_stm32f446xx.o(RESET) refers to stm32f4xx_it.o(.text.MemManage_Handler) for MemManage_Handler
    startup_stm32f446xx.o(RESET) refers to stm32f4xx_it.o(.text.BusFault_Handler) for BusFault_Handler
    startup_stm32f446xx.o(RESET) refers to stm32f4xx_it.o(.text.UsageFault_Handler) for UsageFault_Handler
    startup_stm32f446xx.o(RESET) refers to stm32f4xx_it.o(.text.SVC_Handler) for SVC_Handler
    startup_stm32f446xx.o(RESET) refers to stm32f4xx_it.o(.text.DebugMon_Handler) for DebugMon_Handler
    startup_stm32f446xx.o(RESET) refers to stm32f4xx_it.o(.text.PendSV_Handler) for PendSV_Handler
    startup_stm32f446xx.o(RESET) refers to stm32f4xx_it.o(.text.SysTick_Handler) for SysTick_Handler
    startup_stm32f446xx.o(RESET) refers to stm32f4xx_it.o(.text.TIM6_DAC_IRQHandler) for TIM6_DAC_IRQHandler
    startup_stm32f446xx.o(RESET) refers to stm32f4xx_it.o(.text.TIM7_IRQHandler) for TIM7_IRQHandler
    startup_stm32f446xx.o(.text) refers (Special) to heapauxi.o(.text) for __use_two_region_memory
    startup_stm32f446xx.o(.text) refers to system_stm32f4xx.o(.text.SystemInit) for SystemInit
    startup_stm32f446xx.o(.text) refers to __main.o(!!!main) for __main
    startup_stm32f446xx.o(.text) refers to startup_stm32f446xx.o(HEAP) for Heap_Mem
    startup_stm32f446xx.o(.text) refers to startup_stm32f446xx.o(STACK) for Stack_Mem
    main.o(.text.main) refers to main.o(.data..L_MergedGlobals) for .L_MergedGlobals
    main.o(.text.main) refers to stm32f4xx_hal.o(.text.HAL_Init) for HAL_Init
    main.o(.text.main) refers to main.o(.text.SystemClock_Config) for SystemClock_Config
    main.o(.text.main) refers to stm32f4xx_hal_gpio.o(.text.HAL_GPIO_WritePin) for HAL_GPIO_WritePin
    main.o(.text.main) refers to stm32f4xx_hal_gpio.o(.text.HAL_GPIO_Init) for HAL_GPIO_Init
    main.o(.text.main) refers to main.o(.bss.huart3) for huart3
    main.o(.text.main) refers to stm32f4xx_hal_uart.o(.text.HAL_UART_Init) for HAL_UART_Init
    main.o(.text.main) refers to main.o(.bss.hpcd_USB_OTG_FS) for hpcd_USB_OTG_FS
    main.o(.text.main) refers to stm32f4xx_hal_pcd.o(.text.HAL_PCD_Init) for HAL_PCD_Init
    main.o(.text.main) refers to main.o(.bss..L_MergedGlobals.1) for .L_MergedGlobals.1
    main.o(.text.main) refers to stm32f4xx_hal_tim.o(.text.HAL_TIM_Base_Init) for HAL_TIM_Base_Init
    main.o(.text.main) refers to stm32f4xx_hal_tim_ex.o(.text.HAL_TIMEx_MasterConfigSynchronization) for HAL_TIMEx_MasterConfigSynchronization
    main.o(.text.main) refers to main.o(.bss.htim7) for htim7
    main.o(.text.main) refers to main.o(.text.blink) for blink
    main.o(.text.main) refers to main.o(.text.stateChange) for stateChange
    main.o(.ARM.exidx.text.main) refers to main.o(.text.main) for [Anonymous Symbol]
    main.o(.text.SystemClock_Config) refers to stm32f4xx_hal_rcc_ex.o(.text.HAL_RCC_OscConfig) for HAL_RCC_OscConfig
    main.o(.text.SystemClock_Config) refers to stm32f4xx_hal_rcc.o(.text.HAL_RCC_ClockConfig) for HAL_RCC_ClockConfig
    main.o(.ARM.exidx.text.SystemClock_Config) refers to main.o(.text.SystemClock_Config) for [Anonymous Symbol]
    main.o(.text.stateChange) refers to stm32f4xx_hal_gpio.o(.text.HAL_GPIO_WritePin) for HAL_GPIO_WritePin
    main.o(.text.stateChange) refers to main.o(.bss..L_MergedGlobals.1) for .L_MergedGlobals.1
    main.o(.text.stateChange) refers to main.o(.bss.htim7) for htim7
    main.o(.text.stateChange) refers to stm32f4xx_hal_tim.o(.text.HAL_TIM_Base_Start_IT) for HAL_TIM_Base_Start_IT
    main.o(.ARM.exidx.text.stateChange) refers to main.o(.text.stateChange) for [Anonymous Symbol]
    main.o(.text.turnoff) refers to stm32f4xx_hal_gpio.o(.text.HAL_GPIO_WritePin) for HAL_GPIO_WritePin
    main.o(.ARM.exidx.text.turnoff) refers to main.o(.text.turnoff) for [Anonymous Symbol]
    main.o(.text.HAL_TIM_PeriodElapsedCallback) refers to main.o(.bss..L_MergedGlobals.1) for .L_MergedGlobals.1
    main.o(.text.HAL_TIM_PeriodElapsedCallback) refers to main.o(.bss.htim7) for htim7
    main.o(.ARM.exidx.text.HAL_TIM_PeriodElapsedCallback) refers to main.o(.text.HAL_TIM_PeriodElapsedCallback) for [Anonymous Symbol]
[...]
    Removing stm32f4xx_hal_uart.o(.text.UART_DMATxAbortCallback), (42 bytes).
    Removing stm32f4xx_hal_uart.o(.ARM.exidx.text.UART_DMATxAbortCallback), (8 bytes).
    Removing stm32f4xx_hal_uart.o(.text.UART_DMARxAbortCallback), (42 bytes).
    Removing stm32f4xx_hal_uart.o(.ARM.exidx.text.UART_DMARxAbortCallback), (8 bytes).
    Removing stm32f4xx_hal_uart.o(.text.HAL_UART_AbortCpltCallback), (2 bytes).
    Removing stm32f4xx_hal_uart.o(.ARM.exidx.text.HAL_UART_AbortCpltCallback), (8 bytes).
    Removing stm32f4xx_hal_uart.o(.text.HAL_UART_AbortTransmit_IT), (212 bytes).
    Removing stm32f4xx_hal_uart.o(.ARM.exidx.text.HAL_UART_AbortTransmit_IT), (8 bytes).
    Removing stm32f4xx_hal_uart.o(.text.UART_DMATxOnlyAbortCallback), (16 bytes).
    Removing stm32f4xx_hal_uart.o(.ARM.exidx.text.UART_DMATxOnlyAbortCallback), (8 bytes).
    Removing stm32f4xx_hal_uart.o(.text.HAL_UART_AbortTransmitCpltCallback), (2 bytes).
    Removing stm32f4xx_hal_uart.o(.ARM.exidx.text.HAL_UART_AbortTransmitCpltCallback), (8 bytes).
    Removing stm32f4xx_hal_uart.o(.text.HAL_UART_AbortReceive_IT), (370 bytes).
    Removing stm32f4xx_hal_uart.o(.ARM.exidx.text.HAL_UART_AbortReceive_IT), (8 bytes).
    Removing stm32f4xx_hal_uart.o(.text.UART_DMARxOnlyAbortCallback), (18 bytes).
    Removing stm32f4xx_hal_uart.o(.ARM.exidx.text.UART_DMARxOnlyAbortCallback), (8 bytes).
    Removing stm32f4xx_hal_uart.o(.text.HAL_UART_AbortReceiveCpltCallback), (2 bytes).
    Removing stm32f4xx_hal_uart.o(.ARM.exidx.text.HAL_UART_AbortReceiveCpltCallback), (8 bytes).
    Removing stm32f4xx_hal_uart.o(.text.HAL_UART_IRQHandler), (1392 bytes).
    Removing stm32f4xx_hal_uart.o(.ARM.exidx.text.HAL_UART_IRQHandler), (8 bytes).
    Removing stm32f4xx_hal_uart.o(.text.UART_Receive_IT), (254 bytes).
    Removing stm32f4xx_hal_uart.o(.ARM.exidx.text.UART_Receive_IT), (8 bytes).
    Removing stm32f4xx_hal_uart.o(.text.UART_DMAAbortOnError), (12 bytes).
    Removing stm32f4xx_hal_uart.o(.ARM.exidx.text.UART_DMAAbortOnError), (8 bytes).
    Removing stm32f4xx_hal_uart.o(.text.HAL_UART_ErrorCallback), (2 bytes).
    Removing stm32f4xx_hal_uart.o(.ARM.exidx.text.HAL_UART_ErrorCallback), (8 bytes).
    Removing stm32f4xx_hal_uart.o(.text.HAL_UARTEx_RxEventCallback), (2 bytes).
    Removing stm32f4xx_hal_uart.o(.ARM.exidx.text.HAL_UARTEx_RxEventCallback), (8 bytes).
    Removing stm32f4xx_hal_uart.o(.text.HAL_UART_TxCpltCallback), (2 bytes).
    Removing stm32f4xx_hal_uart.o(.ARM.exidx.text.HAL_UART_TxCpltCallback), (8 bytes).
    Removing stm32f4xx_hal_uart.o(.text.HAL_UART_TxHalfCpltCallback), (2 bytes).
    Removing stm32f4xx_hal_uart.o(.ARM.exidx.text.HAL_UART_TxHalfCpltCallback), (8 bytes).
    Removing stm32f4xx_hal_uart.o(.text.HAL_UART_RxCpltCallback), (2 bytes).
    Removing stm32f4xx_hal_uart.o(.ARM.exidx.text.HAL_UART_RxCpltCallback), (8 bytes).
    Removing stm32f4xx_hal_uart.o(.text.HAL_UART_RxHalfCpltCallback), (2 bytes).
    Removing stm32f4xx_hal_uart.o(.ARM.exidx.text.HAL_UART_RxHalfCpltCallback), (8 bytes).
    Removing stm32f4xx_hal_uart.o(.text.HAL_LIN_SendBreak), (114 bytes).
    Removing stm32f4xx_hal_uart.o(.ARM.exidx.text.HAL_LIN_SendBreak), (8 bytes).
    Removing stm32f4xx_hal_uart.o(.text.HAL_MultiProcessor_EnterMuteMode), (116 bytes).
    Removing stm32f4xx_hal_uart.o(.ARM.exidx.text.HAL_MultiProcessor_EnterMuteMode), (8 bytes).
    Removing stm32f4xx_hal_uart.o(.text.HAL_MultiProcessor_ExitMuteMode), (116 bytes).
    Removing stm32f4xx_hal_uart.o(.ARM.exidx.text.HAL_MultiProcessor_ExitMuteMode), (8 bytes).
    Removing stm32f4xx_hal_uart.o(.text.HAL_HalfDuplex_EnableTransmitter), (44 bytes).
    Removing stm32f4xx_hal_uart.o(.ARM.exidx.text.HAL_HalfDuplex_EnableTransmitter), (8 bytes).
    Removing stm32f4xx_hal_uart.o(.text.HAL_HalfDuplex_EnableReceiver), (46 bytes).
    Removing stm32f4xx_hal_uart.o(.ARM.exidx.text.HAL_HalfDuplex_EnableReceiver), (8 bytes).
    Removing stm32f4xx_hal_uart.o(.text.HAL_UART_GetState), (14 bytes).
    Removing stm32f4xx_hal_uart.o(.ARM.exidx.text.HAL_UART_GetState), (8 bytes).
    Removing stm32f4xx_hal_uart.o(.text.HAL_UART_GetError), (4 bytes).
    Removing stm32f4xx_hal_uart.o(.ARM.exidx.text.HAL_UART_GetError), (8 bytes).
    Removing stm32f4xx_hal_uart.o(.text.UART_DMAReceiveCplt), (350 bytes).
    Removing stm32f4xx_hal_uart.o(.ARM.exidx.text.UART_DMAReceiveCplt), (8 bytes).
    Removing stm32f4xx_hal_uart.o(.text.UART_DMARxHalfCplt), (24 bytes).
    Removing stm32f4xx_hal_uart.o(.ARM.exidx.text.UART_DMARxHalfCplt), (8 bytes).
    Removing stm32f4xx_hal_pcd.o(.text), (0 bytes).
    Removing stm32f4xx_hal_pcd.o(.ARM.exidx.text.HAL_PCD_Init), (8 bytes).
    Removing stm32f4xx_hal_pcd.o(.text.HAL_PCD_MspInit), (2 bytes).
    Removing stm32f4xx_hal_pcd.o(.ARM.exidx.text.HAL_PCD_MspInit), (8 bytes).
    Removing stm32f4xx_hal_pcd.o(.text.HAL_PCD_DeInit), (46 bytes).
    Removing stm32f4xx_hal_pcd.o(.ARM.exidx.text.HAL_PCD_DeInit), (8 bytes).
    Removing stm32f4xx_hal_pcd.o(.text.HAL_PCD_MspDeInit), (2 bytes).
    Removing stm32f4xx_hal_pcd.o(.ARM.exidx.text.HAL_PCD_MspDeInit), (8 bytes).
    Removing stm32f4xx_hal_pcd.o(.text.HAL_PCD_Start), (62 bytes).
    Removing stm32f4xx_hal_pcd.o(.ARM.exidx.text.HAL_PCD_Start), (8 bytes).
    Removing stm32f4xx_hal_pcd.o(.text.HAL_PCD_Stop), (72 bytes).
    Removing stm32f4xx_hal_pcd.o(.ARM.exidx.text.HAL_PCD_Stop), (8 bytes).
    Removing stm32f4xx_hal_pcd.o(.text.HAL_PCD_IRQHandler), (2428 bytes).
    Removing stm32f4xx_hal_pcd.o(.ARM.exidx.text.HAL_PCD_IRQHandler), (8 bytes).
    Removing stm32f4xx_hal_pcd.o(.text.HAL_PCD_ISOOUTIncompleteCallback), (2 bytes).
    Removing stm32f4xx_hal_pcd.o(.ARM.exidx.text.HAL_PCD_ISOOUTIncompleteCallback), (8 bytes).
    Removing stm32f4xx_hal_pcd.o(.text.HAL_PCD_DataInStageCallback), (2 bytes).
    Removing stm32f4xx_hal_pcd.o(.ARM.exidx.text.HAL_PCD_DataInStageCallback), (8 bytes).
    Removing stm32f4xx_hal_pcd.o(.text.HAL_PCD_ISOINIncompleteCallback), (2 bytes).
    Removing stm32f4xx_hal_pcd.o(.ARM.exidx.text.HAL_PCD_ISOINIncompleteCallback), (8 bytes).
    Removing stm32f4xx_hal_pcd.o(.text.HAL_PCD_ResumeCallback), (2 bytes).
    Removing stm32f4xx_hal_pcd.o(.ARM.exidx.text.HAL_PCD_ResumeCallback), (8 bytes).
    Removing stm32f4xx_hal_pcd.o(.text.HAL_PCD_SuspendCallback), (2 bytes).
    Removing stm32f4xx_hal_pcd.o(.ARM.exidx.text.HAL_PCD_SuspendCallback), (8 bytes).
    Removing stm32f4xx_hal_pcd.o(.text.HAL_PCD_ResetCallback), (2 bytes).
    Removing stm32f4xx_hal_pcd.o(.ARM.exidx.text.HAL_PCD_ResetCallback), (8 bytes).
    Removing stm32f4xx_hal_pcd.o(.text.HAL_PCD_SOFCallback), (2 bytes).
    Removing stm32f4xx_hal_pcd.o(.ARM.exidx.text.HAL_PCD_SOFCallback), (8 bytes).
    Removing stm32f4xx_hal_pcd.o(.text.HAL_PCD_EP_Abort), (32 bytes).
    Removing stm32f4xx_hal_pcd.o(.ARM.exidx.text.HAL_PCD_EP_Abort), (8 bytes).
    Removing stm32f4xx_hal_pcd.o(.text.HAL_PCD_ConnectCallback), (2 bytes).
    Removing stm32f4xx_hal_pcd.o(.ARM.exidx.text.HAL_PCD_ConnectCallback), (8 bytes).
    Removing stm32f4xx_hal_pcd.o(.text.HAL_PCD_DisconnectCallback), (2 bytes).
    Removing stm32f4xx_hal_pcd.o(.ARM.exidx.text.HAL_PCD_DisconnectCallback), (8 bytes).
    Removing stm32f4xx_hal_pcd.o(.text.HAL_PCD_WKUP_IRQHandler), (28 bytes).
    Removing stm32f4xx_hal_pcd.o(.ARM.exidx.text.HAL_PCD_WKUP_IRQHandler), (8 bytes).
    Removing stm32f4xx_hal_pcd.o(.text.HAL_PCD_DataOutStageCallback), (2 bytes).
    Removing stm32f4xx_hal_pcd.o(.ARM.exidx.text.HAL_PCD_DataOutStageCallback), (8 bytes).
    Removing stm32f4xx_hal_pcd.o(.text.HAL_PCD_SetupStageCallback), (2 bytes).
    Removing stm32f4xx_hal_pcd.o(.ARM.exidx.text.HAL_PCD_SetupStageCallback), (8 bytes).
    Removing stm32f4xx_hal_pcd.o(.text.HAL_PCD_DevConnect), (56 bytes).
    Removing stm32f4xx_hal_pcd.o(.ARM.exidx.text.HAL_PCD_DevConnect), (8 bytes).
    Removing stm32f4xx_hal_pcd.o(.text.HAL_PCD_DevDisconnect), (58 bytes).
    Removing stm32f4xx_hal_pcd.o(.ARM.exidx.text.HAL_PCD_DevDisconnect), (8 bytes).
    Removing stm32f4xx_hal_pcd.o(.text.HAL_PCD_SetAddress), (38 bytes).
    Removing stm32f4xx_hal_pcd.o(.ARM.exidx.text.HAL_PCD_SetAddress), (8 bytes).
    Removing stm32f4xx_hal_pcd.o(.text.HAL_PCD_EP_Open), (104 bytes).
    Removing stm32f4xx_hal_pcd.o(.ARM.exidx.text.HAL_PCD_EP_Open), (8 bytes).
    Removing stm32f4xx_hal_pcd.o(.text.HAL_PCD_EP_Close), (78 bytes).
    Removing stm32f4xx_hal_pcd.o(.ARM.exidx.text.HAL_PCD_EP_Close), (8 bytes).
    Removing stm32f4xx_hal_pcd.o(.text.HAL_PCD_EP_Receive), (68 bytes).
    Removing stm32f4xx_hal_pcd.o(.ARM.exidx.text.HAL_PCD_EP_Receive), (8 bytes).
    Removing stm32f4xx_hal_pcd.o(.text.HAL_PCD_EP_GetRxCount), (18 bytes).
    Removing stm32f4xx_hal_pcd.o(.ARM.exidx.text.HAL_PCD_EP_GetRxCount), (8 bytes).
    Removing stm32f4xx_hal_pcd.o(.text.HAL_PCD_EP_Transmit), (66 bytes).
    Removing stm32f4xx_hal_pcd.o(.ARM.exidx.text.HAL_PCD_EP_Transmit), (8 bytes).
    Removing stm32f4xx_hal_pcd.o(.text.HAL_PCD_EP_SetStall), (124 bytes).
    Removing stm32f4xx_hal_pcd.o(.ARM.exidx.text.HAL_PCD_EP_SetStall), (8 bytes).
    Removing stm32f4xx_hal_pcd.o(.text.HAL_PCD_EP_ClrStall), (102 bytes).
    Removing stm32f4xx_hal_pcd.o(.ARM.exidx.text.HAL_PCD_EP_ClrStall), (8 bytes).
    Removing stm32f4xx_hal_pcd.o(.text.HAL_PCD_EP_Flush), (60 bytes).
    Removing stm32f4xx_hal_pcd.o(.ARM.exidx.text.HAL_PCD_EP_Flush), (8 bytes).
    Removing stm32f4xx_hal_pcd.o(.text.HAL_PCD_ActivateRemoteWakeup), (6 bytes).
    Removing stm32f4xx_hal_pcd.o(.ARM.exidx.text.HAL_PCD_ActivateRemoteWakeup), (8 bytes).
    Removing stm32f4xx_hal_pcd.o(.text.HAL_PCD_DeActivateRemoteWakeup), (6 bytes).
    Removing stm32f4xx_hal_pcd.o(.ARM.exidx.text.HAL_PCD_DeActivateRemoteWakeup), (8 bytes).
    Removing stm32f4xx_hal_pcd.o(.text.HAL_PCD_GetState), (6 bytes).
    Removing stm32f4xx_hal_pcd.o(.ARM.exidx.text.HAL_PCD_GetState), (8 bytes).
    Removing stm32f4xx_hal_pcd.o(.text.HAL_PCD_SetTestMode), (24 bytes).
    Removing stm32f4xx_hal_pcd.o(.ARM.exidx.text.HAL_PCD_SetTestMode), (8 bytes).
    Removing stm32f4xx_hal_pcd_ex.o(.text), (0 bytes).
    Removing stm32f4xx_hal_pcd_ex.o(.text.HAL_PCDEx_SetTxFiFo), (218 bytes).
    Removing stm32f4xx_hal_pcd_ex.o(.ARM.exidx.text.HAL_PCDEx_SetTxFiFo), (8 bytes).
    Removing stm32f4xx_hal_pcd_ex.o(.text.HAL_PCDEx_SetRxFiFo), (8 bytes).
    Removing stm32f4xx_hal_pcd_ex.o(.ARM.exidx.text.HAL_PCDEx_SetRxFiFo), (8 bytes).
    Removing stm32f4xx_hal_pcd_ex.o(.ARM.exidx.text.HAL_PCDEx_ActivateLPM), (8 bytes).
    Removing stm32f4xx_hal_pcd_ex.o(.text.HAL_PCDEx_DeActivateLPM), (34 bytes).
    Removing stm32f4xx_hal_pcd_ex.o(.ARM.exidx.text.HAL_PCDEx_DeActivateLPM), (8 bytes).
    Removing stm32f4xx_hal_pcd_ex.o(.text.HAL_PCDEx_LPM_Callback), (2 bytes).
    Removing stm32f4xx_hal_pcd_ex.o(.ARM.exidx.text.HAL_PCDEx_LPM_Callback), (8 bytes).
    Removing stm32f4xx_hal_pcd_ex.o(.text.HAL_PCDEx_BCD_Callback), (2 bytes).
    Removing stm32f4xx_hal_pcd_ex.o(.ARM.exidx.text.HAL_PCDEx_BCD_Callback), (8 bytes).
    Removing stm32f4xx_ll_usb.o(.text), (0 bytes).
    Removing stm32f4xx_ll_usb.o(.ARM.exidx.text.USB_CoreInit), (8 bytes).
    Removing stm32f4xx_ll_usb.o(.text.USB_SetTurnaroundTime), (280 bytes).
    Removing stm32f4xx_ll_usb.o(.ARM.exidx.text.USB_SetTurnaroundTime), (8 bytes).
    Removing stm32f4xx_ll_usb.o(.text.USB_EnableGlobalInt), (14 bytes).
    Removing stm32f4xx_ll_usb.o(.ARM.exidx.text.USB_EnableGlobalInt), (8 bytes).
    Removing stm32f4xx_ll_usb.o(.ARM.exidx.text.USB_DisableGlobalInt), (8 bytes).
    Removing stm32f4xx_ll_usb.o(.ARM.exidx.text.USB_SetCurrentMode), (8 bytes).
    Removing stm32f4xx_ll_usb.o(.text.USB_GetMode), (8 bytes).
    Removing stm32f4xx_ll_usb.o(.ARM.exidx.text.USB_GetMode), (8 bytes).
    Removing stm32f4xx_ll_usb.o(.ARM.exidx.text.USB_DevInit), (8 bytes).
    Removing stm32f4xx_ll_usb.o(.text.USB_SetDevSpeed), (16 bytes).
    Removing stm32f4xx_ll_usb.o(.ARM.exidx.text.USB_SetDevSpeed), (8 bytes).
    Removing stm32f4xx_ll_usb.o(.text.USB_FlushTxFifo), (190 bytes).
    Removing stm32f4xx_ll_usb.o(.ARM.exidx.text.USB_FlushTxFifo), (8 bytes).
    Removing stm32f4xx_ll_usb.o(.text.USB_FlushRxFifo), (190 bytes).
    Removing stm32f4xx_ll_usb.o(.ARM.exidx.text.USB_FlushRxFifo), (8 bytes).
    Removing stm32f4xx_ll_usb.o(.text.USB_GetDevSpeed), (26 bytes).
    Removing stm32f4xx_ll_usb.o(.ARM.exidx.text.USB_GetDevSpeed), (8 bytes).
    Removing stm32f4xx_ll_usb.o(.text.USB_ActivateEndpoint), (130 bytes).
    Removing stm32f4xx_ll_usb.o(.ARM.exidx.text.USB_ActivateEndpoint), (8 bytes).
    Removing stm32f4xx_ll_usb.o(.text.USB_ActivateDedicatedEndpoint), (116 bytes).
    Removing stm32f4xx_ll_usb.o(.ARM.exidx.text.USB_ActivateDedicatedEndpoint), (8 bytes).
    Removing stm32f4xx_ll_usb.o(.text.USB_DeactivateEndpoint), (134 bytes).
    Removing stm32f4xx_ll_usb.o(.ARM.exidx.text.USB_DeactivateEndpoint), (8 bytes).
    Removing stm32f4xx_ll_usb.o(.text.USB_DeactivateDedicatedEndpoint), (100 bytes).
    Removing stm32f4xx_ll_usb.o(.ARM.exidx.text.USB_DeactivateDedicatedEndpoint), (8 bytes).
    Removing stm32f4xx_ll_usb.o(.text.USB_EPStartXfer), (520 bytes).
    Removing stm32f4xx_ll_usb.o(.ARM.exidx.text.USB_EPStartXfer), (8 bytes).
    Removing stm32f4xx_ll_usb.o(.text.USB_WritePacket), (106 bytes).
    Removing stm32f4xx_ll_usb.o(.ARM.exidx.text.USB_WritePacket), (8 bytes).
    Removing stm32f4xx_ll_usb.o(.text.USB_EPStopXfer), (270 bytes).
    Removing stm32f4xx_ll_usb.o(.ARM.exidx.text.USB_EPStopXfer), (8 bytes).
    Removing stm32f4xx_ll_usb.o(.text.USB_ReadPacket), (170 bytes).
    Removing stm32f4xx_ll_usb.o(.ARM.exidx.text.USB_ReadPacket), (8 bytes).
    Removing stm32f4xx_ll_usb.o(.text.USB_EPSetStall), (62 bytes).
    Removing stm32f4xx_ll_usb.o(.ARM.exidx.text.USB_EPSetStall), (8 bytes).
    Removing stm32f4xx_ll_usb.o(.text.USB_EPClearStall), (82 bytes).
    Removing stm32f4xx_ll_usb.o(.ARM.exidx.text.USB_EPClearStall), (8 bytes).
    Removing stm32f4xx_ll_usb.o(.text.USB_StopDevice), (510 bytes).
    Removing stm32f4xx_ll_usb.o(.ARM.exidx.text.USB_StopDevice), (8 bytes).
    Removing stm32f4xx_ll_usb.o(.text.USB_SetDevAddress), (34 bytes).
    Removing stm32f4xx_ll_usb.o(.ARM.exidx.text.USB_SetDevAddress), (8 bytes).
    Removing stm32f4xx_ll_usb.o(.text.USB_DevConnect), (30 bytes).
    Removing stm32f4xx_ll_usb.o(.ARM.exidx.text.USB_DevConnect), (8 bytes).
    Removing stm32f4xx_ll_usb.o(.ARM.exidx.text.USB_DevDisconnect), (8 bytes).
    Removing stm32f4xx_ll_usb.o(.text.USB_ReadInterrupts), (8 bytes).
    Removing stm32f4xx_ll_usb.o(.ARM.exidx.text.USB_ReadInterrupts), (8 bytes).
    Removing stm32f4xx_ll_usb.o(.text.USB_ReadChInterrupts), (16 bytes).
    Removing stm32f4xx_ll_usb.o(.ARM.exidx.text.USB_ReadChInterrupts), (8 bytes).
    Removing stm32f4xx_ll_usb.o(.text.USB_ReadDevAllOutEpInterrupt), (14 bytes).
    Removing stm32f4xx_ll_usb.o(.ARM.exidx.text.USB_ReadDevAllOutEpInterrupt), (8 bytes).
    Removing stm32f4xx_ll_usb.o(.text.USB_ReadDevAllInEpInterrupt), (14 bytes).
    Removing stm32f4xx_ll_usb.o(.ARM.exidx.text.USB_ReadDevAllInEpInterrupt), (8 bytes).
    Removing stm32f4xx_ll_usb.o(.text.USB_ReadDevOutEPInterrupt), (16 bytes).
    Removing stm32f4xx_ll_usb.o(.ARM.exidx.text.USB_ReadDevOutEPInterrupt), (8 bytes).
    Removing stm32f4xx_ll_usb.o(.text.USB_ReadDevInEPInterrupt), (36 bytes).
    Removing stm32f4xx_ll_usb.o(.ARM.exidx.text.USB_ReadDevInEPInterrupt), (8 bytes).
    Removing stm32f4xx_ll_usb.o(.text.USB_ClearInterrupts), (8 bytes).
    Removing stm32f4xx_ll_usb.o(.ARM.exidx.text.USB_ClearInterrupts), (8 bytes).
    Removing stm32f4xx_ll_usb.o(.text.USB_ActivateSetup), (32 bytes).
    Removing stm32f4xx_ll_usb.o(.ARM.exidx.text.USB_ActivateSetup), (8 bytes).
    Removing stm32f4xx_ll_usb.o(.text.USB_EP0_OutStart), (90 bytes).
    Removing stm32f4xx_ll_usb.o(.ARM.exidx.text.USB_EP0_OutStart), (8 bytes).
    Removing stm32f4xx_ll_usb.o(.text.USB_HostInit), (704 bytes).
    Removing stm32f4xx_ll_usb.o(.ARM.exidx.text.USB_HostInit), (8 bytes).
    Removing stm32f4xx_ll_usb.o(.text.USB_InitFSLSPClkSel), (64 bytes).
    Removing stm32f4xx_ll_usb.o(.ARM.exidx.text.USB_InitFSLSPClkSel), (8 bytes).
    Removing stm32f4xx_ll_usb.o(.text.USB_ResetPort), (62 bytes).
    Removing stm32f4xx_ll_usb.o(.ARM.exidx.text.USB_ResetPort), (8 bytes).
    Removing stm32f4xx_ll_usb.o(.text.USB_DriveVbus), (76 bytes).
    Removing stm32f4xx_ll_usb.o(.ARM.exidx.text.USB_DriveVbus), (8 bytes).
    Removing stm32f4xx_ll_usb.o(.text.USB_GetHostSpeed), (22 bytes).
    Removing stm32f4xx_ll_usb.o(.ARM.exidx.text.USB_GetHostSpeed), (8 bytes).
    Removing stm32f4xx_ll_usb.o(.text.USB_GetCurrentFrame), (8 bytes).
    Removing stm32f4xx_ll_usb.o(.ARM.exidx.text.USB_GetCurrentFrame), (8 bytes).
    Removing stm32f4xx_ll_usb.o(.text.USB_HC_Init), (292 bytes).
    Removing stm32f4xx_ll_usb.o(.ARM.exidx.text.USB_HC_Init), (8 bytes).
    Removing stm32f4xx_ll_usb.o(.text.USB_HC_StartXfer), (760 bytes).
    Removing stm32f4xx_ll_usb.o(.ARM.exidx.text.USB_HC_StartXfer), (8 bytes).
    Removing stm32f4xx_ll_usb.o(.text.USB_DoPing), (32 bytes).
    Removing stm32f4xx_ll_usb.o(.ARM.exidx.text.USB_DoPing), (8 bytes).
    Removing stm32f4xx_ll_usb.o(.text.USB_HC_ReadInterrupt), (8 bytes).
    Removing stm32f4xx_ll_usb.o(.ARM.exidx.text.USB_HC_ReadInterrupt), (8 bytes).
    Removing stm32f4xx_ll_usb.o(.text.USB_HC_Halt), (342 bytes).
    Removing stm32f4xx_ll_usb.o(.ARM.exidx.text.USB_HC_Halt), (8 bytes).
    Removing stm32f4xx_ll_usb.o(.text.USB_StopHost), (2360 bytes).
    Removing stm32f4xx_ll_usb.o(.ARM.exidx.text.USB_StopHost), (8 bytes).
    Removing stm32f4xx_ll_usb.o(.text.USB_ActivateRemoteWakeup), (24 bytes).
    Removing stm32f4xx_ll_usb.o(.ARM.exidx.text.USB_ActivateRemoteWakeup), (8 bytes).
    Removing stm32f4xx_ll_usb.o(.text.USB_DeActivateRemoteWakeup), (18 bytes).
    Removing stm32f4xx_ll_usb.o(.ARM.exidx.text.USB_DeActivateRemoteWakeup), (8 bytes).
    Removing system_stm32f4xx.o(.text), (0 bytes).
    Removing system_stm32f4xx.o(.ARM.exidx.text.SystemInit), (8 bytes).
    Removing system_stm32f4xx.o(.text.SystemCoreClockUpdate), (134 bytes).
    Removing system_stm32f4xx.o(.ARM.exidx.text.SystemCoreClockUpdate), (8 bytes).

929 unused section(s) (total 58898 bytes) removed from the image.

==============================================================================

Image Symbol Table

    Local Symbols

    Symbol Name                              Value     Ov Type        Size  Object(Section)

    ../clib/angel/boardlib.s                 0x00000000   Number         0  boardinit1.o ABSOLUTE
    ../clib/angel/boardlib.s                 0x00000000   Number         0  boardinit2.o ABSOLUTE
    ../clib/angel/boardlib.s                 0x00000000   Number         0  boardinit3.o ABSOLUTE
    ../clib/angel/boardlib.s                 0x00000000   Number         0  boardshut.o ABSOLUTE
    ../clib/angel/handlers.s                 0x00000000   Number         0  __scatter_copy.o ABSOLUTE
    ../clib/angel/handlers.s                 0x00000000   Number         0  __scatter_zi.o ABSOLUTE
    ../clib/angel/kernel.s                   0x00000000   Number         0  __rtentry.o ABSOLUTE
    ../clib/angel/kernel.s                   0x00000000   Number         0  __rtentry2.o ABSOLUTE
    ../clib/angel/kernel.s                   0x00000000   Number         0  __rtentry4.o ABSOLUTE
    ../clib/angel/kernel.s                   0x00000000   Number         0  rtexit.o ABSOLUTE
    ../clib/angel/kernel.s                   0x00000000   Number         0  rtexit2.o ABSOLUTE
    ../clib/angel/rt.s                       0x00000000   Number         0  aeabi_ldiv0.o ABSOLUTE
    ../clib/angel/rt.s                       0x00000000   Number         0  aeabi_ldiv0_sigfpe.o ABSOLUTE
    ../clib/angel/rt.s                       0x00000000   Number         0  rt_div0.o ABSOLUTE
    ../clib/angel/rt.s                       0x00000000   Number         0  rt_raise.o ABSOLUTE
    ../clib/angel/scatter.s                  0x00000000   Number         0  __scatter.o ABSOLUTE
    ../clib/angel/startup.s                  0x00000000   Number         0  __main.o ABSOLUTE
    ../clib/angel/sys.s                      0x00000000   Number         0  sys_stackheap_outer.o ABSOLUTE
    ../clib/angel/sys.s                      0x00000000   Number         0  libspace.o ABSOLUTE
    ../clib/angel/sys.s                      0x00000000   Number         0  use_no_semi.o ABSOLUTE
    ../clib/angel/sys.s                      0x00000000   Number         0  indicate_semi.o ABSOLUTE
    ../clib/angel/sysapp.c                   0x00000000   Number         0  sys_exit.o ABSOLUTE
    ../clib/angel/sysapp.c                   0x00000000   Number         0  sys_exit_hlt.o ABSOLUTE
    ../clib/angel/sysapp.c                   0x00000000   Number         0  sys_wrch.o ABSOLUTE
    ../clib/angel/sysapp.c                   0x00000000   Number         0  sys_wrch_hlt.o ABSOLUTE
    ../clib/angel/sysapp.c                   0x00000000   Number         0  sys_command.o ABSOLUTE
    ../clib/angel/sysapp.c                   0x00000000   Number         0  sys_command_hlt.o ABSOLUTE
    ../clib/armsys.c                         0x00000000   Number         0  argv_veneer.o ABSOLUTE
    ../clib/armsys.c                         0x00000000   Number         0  argv_veneer.o ABSOLUTE
    ../clib/armsys.c                         0x00000000   Number         0  _get_argv_nomalloc.o ABSOLUTE
    ../clib/armsys.c                         0x00000000   Number         0  no_argv.o ABSOLUTE
    ../clib/heapalloc.c                      0x00000000   Number         0  hrguard.o ABSOLUTE
    ../clib/heapaux.c                        0x00000000   Number         0  heapauxi.o ABSOLUTE
    ../clib/libinit.s                        0x00000000   Number         0  libinit.o ABSOLUTE
    ../clib/libinit.s                        0x00000000   Number         0  libinit2.o ABSOLUTE
    ../clib/libinit.s                        0x00000000   Number         0  libshutdown.o ABSOLUTE
    ../clib/libinit.s                        0x00000000   Number         0  libshutdown2.o ABSOLUTE
    ../clib/longlong.s                       0x00000000   Number         0  lludivv7m.o ABSOLUTE
    ../clib/memcpset.s                       0x00000000   Number         0  rt_memclr_w.o ABSOLUTE
    ../clib/signal.c                         0x00000000   Number         0  defsig_fpe_outer.o ABSOLUTE
    ../clib/signal.c                         0x00000000   Number         0  defsig_fpe_formal.o ABSOLUTE
    ../clib/signal.c                         0x00000000   Number         0  defsig_exit.o ABSOLUTE
    ../clib/signal.c                         0x00000000   Number         0  defsig_fpe_inner.o ABSOLUTE
    ../clib/signal.c                         0x00000000   Number         0  __raise.o ABSOLUTE
    ../clib/signal.c                         0x00000000   Number         0  defsig_general.o ABSOLUTE
    ../clib/signal.c                         0x00000000   Number         0  defsig_abrt_inner.o ABSOLUTE
    ../clib/signal.c                         0x00000000   Number         0  defsig_rtred_inner.o ABSOLUTE
    ../clib/signal.c                         0x00000000   Number         0  defsig_rtmem_inner.o ABSOLUTE
    ../clib/signal.c                         0x00000000   Number         0  defsig_rtmem_outer.o ABSOLUTE
    ../clib/signal.c                         0x00000000   Number         0  defsig_rtmem_formal.o ABSOLUTE
    ../clib/signal.c                         0x00000000   Number         0  defsig_stak_inner.o ABSOLUTE
    ../clib/signal.c                         0x00000000   Number         0  defsig_pvfn_inner.o ABSOLUTE
    ../clib/signal.c                         0x00000000   Number         0  defsig_cppl_inner.o ABSOLUTE
    ../clib/signal.c                         0x00000000   Number         0  defsig_segv_inner.o ABSOLUTE
    ../clib/signal.c                         0x00000000   Number         0  defsig_other.o ABSOLUTE
    ../clib/signal.s                         0x00000000   Number         0  defsig.o ABSOLUTE
    ../clib/stdlib.c                         0x00000000   Number         0  exit.o ABSOLUTE
    ../fplib/fpinit.s                        0x00000000   Number         0  fpinit.o ABSOLUTE
    dc.s                                     0x00000000   Number         0  dc.o ABSOLUTE
    main.c                                   0x00000000   Number         0  main.o ABSOLUTE
    startup_stm32f446xx.s                    0x00000000   Number         0  startup_stm32f446xx.o ABSOLUTE
    stm32f4xx_hal.c                          0x00000000   Number         0  stm32f4xx_hal.o ABSOLUTE
    stm32f4xx_hal_cortex.c                   0x00000000   Number         0  stm32f4xx_hal_cortex.o ABSOLUTE
    stm32f4xx_hal_dma.c                      0x00000000   Number         0  stm32f4xx_hal_dma.o ABSOLUTE
    stm32f4xx_hal_dma_ex.c                   0x00000000   Number         0  stm32f4xx_hal_dma_ex.o ABSOLUTE
    stm32f4xx_hal_exti.c                     0x00000000   Number         0  stm32f4xx_hal_exti.o ABSOLUTE
    stm32f4xx_hal_flash.c                    0x00000000   Number         0  stm32f4xx_hal_flash.o ABSOLUTE
    stm32f4xx_hal_flash_ex.c                 0x00000000   Number         0  stm32f4xx_hal_flash_ex.o ABSOLUTE
    stm32f4xx_hal_flash_ramfunc.c            0x00000000   Number         0  stm32f4xx_hal_flash_ramfunc.o ABSOLUTE
    stm32f4xx_hal_gpio.c                     0x00000000   Number         0  stm32f4xx_hal_gpio.o ABSOLUTE
    stm32f4xx_hal_msp.c                      0x00000000   Number         0  stm32f4xx_hal_msp.o ABSOLUTE
    stm32f4xx_hal_pcd.c                      0x00000000   Number         0  stm32f4xx_hal_pcd.o ABSOLUTE
    stm32f4xx_hal_pcd_ex.c                   0x00000000   Number         0  stm32f4xx_hal_pcd_ex.o ABSOLUTE
    stm32f4xx_hal_pwr.c                      0x00000000   Number         0  stm32f4xx_hal_pwr.o ABSOLUTE
    stm32f4xx_hal_pwr_ex.c                   0x00000000   Number         0  stm32f4xx_hal_pwr_ex.o ABSOLUTE
    stm32f4xx_hal_rcc.c                      0x00000000   Number         0  stm32f4xx_hal_rcc.o ABSOLUTE
    stm32f4xx_hal_rcc_ex.c                   0x00000000   Number         0  stm32f4xx_hal_rcc_ex.o ABSOLUTE
    stm32f4xx_hal_tim.c                      0x00000000   Number         0  stm32f4xx_hal_tim.o ABSOLUTE
    stm32f4xx_hal_tim_ex.c                   0x00000000   Number         0  stm32f4xx_hal_tim_ex.o ABSOLUTE
    stm32f4xx_hal_uart.c                     0x00000000   Number         0  stm32f4xx_hal_uart.o ABSOLUTE
    stm32f4xx_it.c                           0x00000000   Number         0  stm32f4xx_it.o ABSOLUTE
    stm32f4xx_ll_usb.c                       0x00000000   Number         0  stm32f4xx_ll_usb.o ABSOLUTE
    system_stm32f4xx.c                       0x00000000   Number         0  system_stm32f4xx.o ABSOLUTE
    RESET                                    0x08000000   Section      452  startup_stm32f446xx.o(RESET)
    !!!main                                  0x080001c4   Section        8  __main.o(!!!main)
    !!!scatter                               0x080001cc   Section       92  __scatter.o(!!!scatter)
    !!handler_copy                           0x08000228   Section       26  __scatter_copy.o(!!handler_copy)
    !!handler_null                           0x08000244   Section        2  __scatter.o(!!handler_null)
    !!handler_zi                             0x08000248   Section       28  __scatter_zi.o(!!handler_zi)
    .ARM.Collect$$libinit$$00000000          0x08000264   Section        2  libinit.o(.ARM.Collect$$libinit$$00000000)
    .ARM.Collect$$libinit$$00000001          0x08000266   Section        4  libinit2.o(.ARM.Collect$$libinit$$00000001)
    .ARM.Collect$$libinit$$00000004          0x0800026a   Section        0  libinit2.o(.ARM.Collect$$libinit$$00000004)
    .ARM.Collect$$libinit$$00000006          0x0800026a   Section        0  libinit2.o(.ARM.Collect$$libinit$$00000006)
    .ARM.Collect$$libinit$$0000000C          0x0800026a   Section        0  libinit2.o(.ARM.Collect$$libinit$$0000000C)
    .ARM.Collect$$libinit$$0000000E          0x0800026a   Section        0  libinit2.o(.ARM.Collect$$libinit$$0000000E)
    .ARM.Collect$$libinit$$00000010          0x0800026a   Section        0  libinit2.o(.ARM.Collect$$libinit$$00000010)
    .ARM.Collect$$libinit$$00000013          0x0800026a   Section        0  libinit2.o(.ARM.Collect$$libinit$$00000013)
    .ARM.Collect$$libinit$$00000015          0x0800026a   Section        0  libinit2.o(.ARM.Collect$$libinit$$00000015)
    .ARM.Collect$$libinit$$00000017          0x0800026a   Section        0  libinit2.o(.ARM.Collect$$libinit$$00000017)
    .ARM.Collect$$libinit$$00000019          0x0800026a   Section        0  libinit2.o(.ARM.Collect$$libinit$$00000019)
    .ARM.Collect$$libinit$$0000001B          0x0800026a   Section        0  libinit2.o(.ARM.Collect$$libinit$$0000001B)
    .ARM.Collect$$libinit$$0000001D          0x0800026a   Section        0  libinit2.o(.ARM.Collect$$libinit$$0000001D)
    .ARM.Collect$$libinit$$0000001F          0x0800026a   Section        0  libinit2.o(.ARM.Collect$$libinit$$0000001F)
    .ARM.Collect$$libinit$$00000021          0x0800026a   Section        0  libinit2.o(.ARM.Collect$$libinit$$00000021)
    .ARM.Collect$$libinit$$00000023          0x0800026a   Section        0  libinit2.o(.ARM.Collect$$libinit$$00000023)
    .ARM.Collect$$libinit$$00000025          0x0800026a   Section        0  libinit2.o(.ARM.Collect$$libinit$$00000025)
    .ARM.Collect$$libinit$$00000027          0x0800026a   Section        0  libinit2.o(.ARM.Collect$$libinit$$00000027)
    .ARM.Collect$$libinit$$0000002E          0x0800026a   Section        0  libinit2.o(.ARM.Collect$$libinit$$0000002E)
    .ARM.Collect$$libinit$$00000030          0x0800026a   Section        0  libinit2.o(.ARM.Collect$$libinit$$00000030)
    .ARM.Collect$$libinit$$00000032          0x0800026a   Section        0  libinit2.o(.ARM.Collect$$libinit$$00000032)
    .ARM.Collect$$libinit$$00000034          0x0800026a   Section        0  libinit2.o(.ARM.Collect$$libinit$$00000034)
    .ARM.Collect$$libinit$$00000035          0x0800026a   Section        2  libinit2.o(.ARM.Collect$$libinit$$00000035)
    .ARM.Collect$$libshutdown$$00000000      0x0800026c   Section        2  libshutdown.o(.ARM.Collect$$libshutdown$$00000000)
    .ARM.Collect$$libshutdown$$00000002      0x0800026e   Section        0  libshutdown2.o(.ARM.Collect$$libshutdown$$00000002)
    .ARM.Collect$$libshutdown$$00000004      0x0800026e   Section        0  libshutdown2.o(.ARM.Collect$$libshutdown$$00000004)
    .ARM.Collect$$libshutdown$$00000007      0x0800026e   Section        0  libshutdown2.o(.ARM.Collect$$libshutdown$$00000007)
    .ARM.Collect$$libshutdown$$0000000A      0x0800026e   Section        0  libshutdown2.o(.ARM.Collect$$libshutdown$$0000000A)
    .ARM.Collect$$libshutdown$$0000000C      0x0800026e   Section        0  libshutdown2.o(.ARM.Collect$$libshutdown$$0000000C)
    .ARM.Collect$$libshutdown$$0000000F      0x0800026e   Section        0  libshutdown2.o(.ARM.Collect$$libshutdown$$0000000F)
    .ARM.Collect$$libshutdown$$00000010      0x0800026e   Section        2  libshutdown2.o(.ARM.Collect$$libshutdown$$00000010)
    .ARM.Collect$$rtentry$$00000000          0x08000270   Section        0  __rtentry.o(.ARM.Collect$$rtentry$$00000000)
    .ARM.Collect$$rtentry$$00000002          0x08000270   Section        0  __rtentry2.o(.ARM.Collect$$rtentry$$00000002)
    .ARM.Collect$$rtentry$$00000004          0x08000270   Section        6  __rtentry4.o(.ARM.Collect$$rtentry$$00000004)
    .ARM.Collect$$rtentry$$00000009          0x08000276   Section        0  __rtentry2.o(.ARM.Collect$$rtentry$$00000009)
    .ARM.Collect$$rtentry$$0000000A          0x08000276   Section        4  __rtentry2.o(.ARM.Collect$$rtentry$$0000000A)
    .ARM.Collect$$rtentry$$0000000C          0x0800027a   Section        0  __rtentry2.o(.ARM.Collect$$rtentry$$0000000C)
    .ARM.Collect$$rtentry$$0000000D          0x0800027a   Section        8  __rtentry2.o(.ARM.Collect$$rtentry$$0000000D)
    .ARM.Collect$$rtexit$$00000000           0x08000282   Section        2  rtexit.o(.ARM.Collect$$rtexit$$00000000)
    .ARM.Collect$$rtexit$$00000002           0x08000284   Section        0  rtexit2.o(.ARM.Collect$$rtexit$$00000002)
    .ARM.Collect$$rtexit$$00000003           0x08000284   Section        4  rtexit2.o(.ARM.Collect$$rtexit$$00000003)
    .ARM.Collect$$rtexit$$00000004           0x08000288   Section        6  rtexit2.o(.ARM.Collect$$rtexit$$00000004)
    $v0                                      0x08000290   Number         0  startup_stm32f446xx.o(.text)
    .text                                    0x08000290   Section       64  startup_stm32f446xx.o(.text)
    .text                                    0x080002d0   Section      240  lludivv7m.o(.text)
    .text                                    0x080003c0   Section       78  rt_memclr_w.o(.text)
    .text                                    0x0800040e   Section        0  heapauxi.o(.text)
    .text                                    0x08000414   Section       74  sys_stackheap_outer.o(.text)
    .text                                    0x0800045e   Section        0  exit.o(.text)
    .text                                    0x08000470   Section        8  libspace.o(.text)
    .text                                    0x08000478   Section        0  sys_exit.o(.text)
    .text                                    0x08000484   Section        2  use_no_semi.o(.text)
    .text                                    0x08000486   Section        0  indicate_semi.o(.text)
    [Anonymous Symbol]                       0x08000488   Section        0  stm32f4xx_it.o(.text.BusFault_Handler)
    [Anonymous Symbol]                       0x0800048c   Section        0  stm32f4xx_it.o(.text.DebugMon_Handler)
    [Anonymous Symbol]                       0x08000490   Section        0  main.o(.text.Error_Handler)
    [Anonymous Symbol]                       0x08000498   Section        0  stm32f4xx_hal.o(.text.HAL_Delay)
    [Anonymous Symbol]                       0x080004c0   Section        0  stm32f4xx_hal_gpio.o(.text.HAL_GPIO_Init)
    [Anonymous Symbol]                       0x08000660   Section        0  stm32f4xx_hal_gpio.o(.text.HAL_GPIO_TogglePin)
    [Anonymous Symbol]                       0x08000670   Section        0  stm32f4xx_hal_gpio.o(.text.HAL_GPIO_WritePin)
    [Anonymous Symbol]                       0x0800067c   Section        0  stm32f4xx_hal.o(.text.HAL_GetTick)
    [Anonymous Symbol]                       0x08000688   Section        0  stm32f4xx_hal.o(.text.HAL_IncTick)
    [Anonymous Symbol]                       0x080006a4   Section        0  stm32f4xx_hal.o(.text.HAL_Init)
    [Anonymous Symbol]                       0x080006dc   Section        0  stm32f4xx_hal.o(.text.HAL_InitTick)
    [Anonymous Symbol]                       0x08000724   Section        0  stm32f4xx_hal_msp.o(.text.HAL_MspInit)
    [Anonymous Symbol]                       0x0800075c   Section        0  stm32f4xx_hal_cortex.o(.text.HAL_NVIC_EnableIRQ)
    [Anonymous Symbol]                       0x08000780   Section        0  stm32f4xx_hal_cortex.o(.text.HAL_NVIC_SetPriority)
    [Anonymous Symbol]                       0x080007d8   Section        0  stm32f4xx_hal_cortex.o(.text.HAL_NVIC_SetPriorityGrouping)
    [Anonymous Symbol]                       0x080007f8   Section        0  stm32f4xx_hal_pcd_ex.o(.text.HAL_PCDEx_ActivateLPM)
    [Anonymous Symbol]                       0x08000820   Section        0  stm32f4xx_hal_pcd.o(.text.HAL_PCD_Init)
    [Anonymous Symbol]                       0x08000a9c   Section        0  stm32f4xx_hal_msp.o(.text.HAL_PCD_MspInit)
    [Anonymous Symbol]                       0x08000b40   Section        0  stm32f4xx_hal_rcc_ex.o(.text.HAL_RCCEx_PeriphCLKConfig)
    [Anonymous Symbol]                       0x08000f80   Section        0  stm32f4xx_hal_rcc.o(.text.HAL_RCC_ClockConfig)
    [Anonymous Symbol]                       0x080010e4   Section        0  stm32f4xx_hal_rcc.o(.text.HAL_RCC_GetPCLK1Freq)
    [Anonymous Symbol]                       0x0800110c   Section        0  stm32f4xx_hal_rcc.o(.text.HAL_RCC_GetPCLK2Freq)
    [Anonymous Symbol]                       0x08001134   Section        0  stm32f4xx_hal_rcc_ex.o(.text.HAL_RCC_GetSysClockFreq)
    [Anonymous Symbol]                       0x080011d8   Section        0  stm32f4xx_hal_rcc_ex.o(.text.HAL_RCC_OscConfig)
    [Anonymous Symbol]                       0x080015b8   Section        0  stm32f4xx_hal_cortex.o(.text.HAL_SYSTICK_Config)
    [Anonymous Symbol]                       0x080015e4   Section        0  stm32f4xx_hal_tim_ex.o(.text.HAL_TIMEx_BreakCallback)
    [Anonymous Symbol]                       0x080015e8   Section        0  stm32f4xx_hal_tim_ex.o(.text.HAL_TIMEx_CommutCallback)
    [Anonymous Symbol]                       0x080015ec   Section        0  stm32f4xx_hal_tim_ex.o(.text.HAL_TIMEx_MasterConfigSynchronization)
    [Anonymous Symbol]                       0x080016a8   Section        0  stm32f4xx_hal_tim.o(.text.HAL_TIM_Base_Init)
    [Anonymous Symbol]                       0x08001704   Section        0  stm32f4xx_hal_msp.o(.text.HAL_TIM_Base_MspInit)
    [Anonymous Symbol]                       0x08001780   Section        0  stm32f4xx_hal_tim.o(.text.HAL_TIM_Base_Start_IT)
    [Anonymous Symbol]                       0x0800182c   Section        0  stm32f4xx_hal_tim.o(.text.HAL_TIM_IC_CaptureCallback)
    [Anonymous Symbol]                       0x08001830   Section        0  stm32f4xx_hal_tim.o(.text.HAL_TIM_IRQHandler)
    [Anonymous Symbol]                       0x08001980   Section        0  stm32f4xx_hal_tim.o(.text.HAL_TIM_OC_DelayElapsedCallback)
    [Anonymous Symbol]                       0x08001984   Section        0  stm32f4xx_hal_tim.o(.text.HAL_TIM_PWM_PulseFinishedCallback)
    [Anonymous Symbol]                       0x08001988   Section        0  main.o(.text.HAL_TIM_PeriodElapsedCallback)
    [Anonymous Symbol]                       0x080019ac   Section        0  stm32f4xx_hal_tim.o(.text.HAL_TIM_TriggerCallback)
    [Anonymous Symbol]                       0x080019b0   Section        0  stm32f4xx_hal_uart.o(.text.HAL_UART_Init)
    [Anonymous Symbol]                       0x08001a10   Section        0  stm32f4xx_hal_msp.o(.text.HAL_UART_MspInit)
    [Anonymous Symbol]                       0x08001a7c   Section        0  stm32f4xx_it.o(.text.HardFault_Handler)
    [Anonymous Symbol]                       0x08001a80   Section        0  stm32f4xx_it.o(.text.MemManage_Handler)
    [Anonymous Symbol]                       0x08001a84   Section        0  stm32f4xx_it.o(.text.NMI_Handler)
    [Anonymous Symbol]                       0x08001a88   Section        0  stm32f4xx_it.o(.text.PendSV_Handler)
    [Anonymous Symbol]                       0x08001a8c   Section        0  stm32f4xx_it.o(.text.SVC_Handler)
    [Anonymous Symbol]                       0x08001a90   Section        0  stm32f4xx_it.o(.text.SysTick_Handler)
    [Anonymous Symbol]                       0x08001a94   Section        0  main.o(.text.SystemClock_Config)
    [Anonymous Symbol]                       0x08001b40   Section        0  system_stm32f4xx.o(.text.SystemInit)
    [Anonymous Symbol]                       0x08001b54   Section        0  stm32f4xx_it.o(.text.TIM6_DAC_IRQHandler)
    [Anonymous Symbol]                       0x08001b60   Section        0  stm32f4xx_it.o(.text.TIM7_IRQHandler)
    [Anonymous Symbol]                       0x08001b6c   Section        0  stm32f4xx_hal_tim.o(.text.TIM_Base_SetConfig)
    UART_SetConfig                           0x08001cb9   Thumb Code   238  stm32f4xx_hal_uart.o(.text.UART_SetConfig)
    [Anonymous Symbol]                       0x08001cb8   Section        0  stm32f4xx_hal_uart.o(.text.UART_SetConfig)
    [Anonymous Symbol]                       0x08001da8   Section        0  stm32f4xx_ll_usb.o(.text.USB_CoreInit)
    [Anonymous Symbol]                       0x08001fbc   Section        0  stm32f4xx_ll_usb.o(.text.USB_DevDisconnect)
    [Anonymous Symbol]                       0x08001fdc   Section        0  stm32f4xx_ll_usb.o(.text.USB_DevInit)
    [Anonymous Symbol]                       0x0800247c   Section        0  stm32f4xx_ll_usb.o(.text.USB_DisableGlobalInt)
    [Anonymous Symbol]                       0x0800248c   Section        0  stm32f4xx_ll_usb.o(.text.USB_SetCurrentMode)
    [Anonymous Symbol]                       0x080027f4   Section        0  stm32f4xx_it.o(.text.UsageFault_Handler)
    [Anonymous Symbol]                       0x080027f8   Section        0  main.o(.text.blink)
    [Anonymous Symbol]                       0x08002998   Section        0  main.o(.text.main)
    [Anonymous Symbol]                       0x08002dec   Section        0  main.o(.text.stateChange)
    $v0                                      0x08002eb0   Number         0  fpinit.o(x$fpl$fpinit)
    x$fpl$fpinit                             0x08002eb0   Section       26  fpinit.o(x$fpl$fpinit)
    .L_MergedGlobals                         0x20000000   Data          48  main.o(.data..L_MergedGlobals)
    [Anonymous Symbol]                       0x20000000   Section        0  main.o(.data..L_MergedGlobals)
    .L_MergedGlobals                         0x20000030   Data           8  stm32f4xx_hal.o(.data..L_MergedGlobals)
    [Anonymous Symbol]                       0x20000030   Section        0  stm32f4xx_hal.o(.data..L_MergedGlobals)
    .bss                                     0x20000040   Section       96  libspace.o(.bss)
    .L_MergedGlobals.1                       0x200000a0   Data          76  main.o(.bss..L_MergedGlobals.1)
    [Anonymous Symbol]                       0x200000a0   Section        0  main.o(.bss..L_MergedGlobals.1)
    Heap_Mem                                 0x20000668   Data         512  startup_stm32f446xx.o(HEAP)
    HEAP                                     0x20000668   Section      512  startup_stm32f446xx.o(HEAP)
    Stack_Mem                                0x20000868   Data        1024  startup_stm32f446xx.o(STACK)
    STACK                                    0x20000868   Section     1024  startup_stm32f446xx.o(STACK)
    __initial_sp                             0x20000c68   Data           0  startup_stm32f446xx.o(STACK)

    Global Symbols

    Symbol Name                              Value     Ov Type        Size  Object(Section)

    BuildAttributes$$THM_ISAv4$E$P$D$K$B$S$7EM$VFPi3$EXTD16$VFPS$VFMA$PE$A:L22UL41UL21$X:L11$S22US41US21$IEEE1$IW$~IW$USESV6$~STKCKD$USESV7$~SHL$OTIME$ROPI$EBA8$UX$STANDARDLIB$REQ8$PRES8$EABIv2 0x00000000   Number         0  anon$$obj.o ABSOLUTE
    __ARM_exceptions_init                     - Undefined Weak Reference
    __alloca_initialize                       - Undefined Weak Reference
    __arm_preinit_                            - Undefined Weak Reference
    __arm_relocate_pie_                       - Undefined Weak Reference
    __cpp_initialize__aeabi_                  - Undefined Weak Reference
    __cxa_finalize                            - Undefined Weak Reference
    __rt_locale                               - Undefined Weak Reference
    __sigvec_lookup                           - Undefined Weak Reference
    _atexit_init                              - Undefined Weak Reference
    _call_atexit_fns                          - Undefined Weak Reference
    _clock_init                               - Undefined Weak Reference
    _fp_trap_init                             - Undefined Weak Reference
    _fp_trap_shutdown                         - Undefined Weak Reference
    _get_lc_collate                           - Undefined Weak Reference
    _get_lc_ctype                             - Undefined Weak Reference
    _get_lc_monetary                          - Undefined Weak Reference
    _get_lc_numeric                           - Undefined Weak Reference
    _get_lc_time                              - Undefined Weak Reference
    _getenv_init                              - Undefined Weak Reference
    _handle_redirection                       - Undefined Weak Reference
    _init_alloc                               - Undefined Weak Reference
    _init_user_alloc                          - Undefined Weak Reference
    _initio                                   - Undefined Weak Reference
    _rand_init                                - Undefined Weak Reference
    _signal_finish                            - Undefined Weak Reference
    _signal_init                              - Undefined Weak Reference
    _terminate_alloc                          - Undefined Weak Reference
    _terminate_user_alloc                     - Undefined Weak Reference
    _terminateio                              - Undefined Weak Reference
    __Vectors_Size                           0x000001c4   Number         0  startup_stm32f446xx.o ABSOLUTE
    __Vectors                                0x08000000   Data           4  startup_stm32f446xx.o(RESET)
    __Vectors_End                            0x080001c4   Data           0  startup_stm32f446xx.o(RESET)
    __main                                   0x080001c5   Thumb Code     8  __main.o(!!!main)
    __scatterload                            0x080001cd   Thumb Code     0  __scatter.o(!!!scatter)
    __scatterload_rt2                        0x080001cd   Thumb Code    84  __scatter.o(!!!scatter)
    __scatterload_rt2_thumb_only             0x080001cd   Thumb Code     0  __scatter.o(!!!scatter)
    __scatterload_loop                       0x080001d7   Thumb Code     0  __scatter.o(!!!scatter)
    __scatterload_copy                       0x08000229   Thumb Code    26  __scatter_copy.o(!!handler_copy)
    __scatterload_null                       0x08000245   Thumb Code     2  __scatter.o(!!handler_null)
    __scatterload_zeroinit                   0x08000249   Thumb Code    28  __scatter_zi.o(!!handler_zi)
    __rt_lib_init                            0x08000265   Thumb Code     0  libinit.o(.ARM.Collect$$libinit$$00000000)
    __rt_lib_init_fp_1                       0x08000267   Thumb Code     0  libinit2.o(.ARM.Collect$$libinit$$00000001)
    __rt_lib_init_alloca_1                   0x0800026b   Thumb Code     0  libinit2.o(.ARM.Collect$$libinit$$00000030)
    __rt_lib_init_argv_1                     0x0800026b   Thumb Code     0  libinit2.o(.ARM.Collect$$libinit$$0000002E)
    __rt_lib_init_atexit_1                   0x0800026b   Thumb Code     0  libinit2.o(.ARM.Collect$$libinit$$0000001D)
    __rt_lib_init_clock_1                    0x0800026b   Thumb Code     0  libinit2.o(.ARM.Collect$$libinit$$00000023)
    __rt_lib_init_cpp_1                      0x0800026b   Thumb Code     0  libinit2.o(.ARM.Collect$$libinit$$00000034)
    __rt_lib_init_exceptions_1               0x0800026b   Thumb Code     0  libinit2.o(.ARM.Collect$$libinit$$00000032)
    __rt_lib_init_fp_trap_1                  0x0800026b   Thumb Code     0  libinit2.o(.ARM.Collect$$libinit$$00000021)
    __rt_lib_init_getenv_1                   0x0800026b   Thumb Code     0  libinit2.o(.ARM.Collect$$libinit$$00000025)
    __rt_lib_init_heap_1                     0x0800026b   Thumb Code     0  libinit2.o(.ARM.Collect$$libinit$$0000000C)
    __rt_lib_init_lc_collate_1               0x0800026b   Thumb Code     0  libinit2.o(.ARM.Collect$$libinit$$00000013)
    __rt_lib_init_lc_ctype_1                 0x0800026b   Thumb Code     0  libinit2.o(.ARM.Collect$$libinit$$00000015)
    __rt_lib_init_lc_monetary_1              0x0800026b   Thumb Code     0  libinit2.o(.ARM.Collect$$libinit$$00000017)
    __rt_lib_init_lc_numeric_1               0x0800026b   Thumb Code     0  libinit2.o(.ARM.Collect$$libinit$$00000019)
    __rt_lib_init_lc_time_1                  0x0800026b   Thumb Code     0  libinit2.o(.ARM.Collect$$libinit$$0000001B)
    __rt_lib_init_preinit_1                  0x0800026b   Thumb Code     0  libinit2.o(.ARM.Collect$$libinit$$00000006)
    __rt_lib_init_rand_1                     0x0800026b   Thumb Code     0  libinit2.o(.ARM.Collect$$libinit$$00000010)
    __rt_lib_init_relocate_pie_1             0x0800026b   Thumb Code     0  libinit2.o(.ARM.Collect$$libinit$$00000004)
    __rt_lib_init_return                     0x0800026b   Thumb Code     0  libinit2.o(.ARM.Collect$$libinit$$00000035)
    __rt_lib_init_signal_1                   0x0800026b   Thumb Code     0  libinit2.o(.ARM.Collect$$libinit$$0000001F)
    __rt_lib_init_stdio_1                    0x0800026b   Thumb Code     0  libinit2.o(.ARM.Collect$$libinit$$00000027)
    __rt_lib_init_user_alloc_1               0x0800026b   Thumb Code     0  libinit2.o(.ARM.Collect$$libinit$$0000000E)
    __rt_lib_shutdown                        0x0800026d   Thumb Code     0  libshutdown.o(.ARM.Collect$$libshutdown$$00000000)
    __rt_lib_shutdown_cpp_1                  0x0800026f   Thumb Code     0  libshutdown2.o(.ARM.Collect$$libshutdown$$00000002)
    __rt_lib_shutdown_fp_trap_1              0x0800026f   Thumb Code     0  libshutdown2.o(.ARM.Collect$$libshutdown$$00000007)
    __rt_lib_shutdown_heap_1                 0x0800026f   Thumb Code     0  libshutdown2.o(.ARM.Collect$$libshutdown$$0000000F)
    __rt_lib_shutdown_return                 0x0800026f   Thumb Code     0  libshutdown2.o(.ARM.Collect$$libshutdown$$00000010)
    __rt_lib_shutdown_signal_1               0x0800026f   Thumb Code     0  libshutdown2.o(.ARM.Collect$$libshutdown$$0000000A)
    __rt_lib_shutdown_stdio_1                0x0800026f   Thumb Code     0  libshutdown2.o(.ARM.Collect$$libshutdown$$00000004)
    __rt_lib_shutdown_user_alloc_1           0x0800026f   Thumb Code     0  libshutdown2.o(.ARM.Collect$$libshutdown$$0000000C)
    __rt_entry                               0x08000271   Thumb Code     0  __rtentry.o(.ARM.Collect$$rtentry$$00000000)
    __rt_entry_presh_1                       0x08000271   Thumb Code     0  __rtentry2.o(.ARM.Collect$$rtentry$$00000002)
    __rt_entry_sh                            0x08000271   Thumb Code     0  __rtentry4.o(.ARM.Collect$$rtentry$$00000004)
    __rt_entry_li                            0x08000277   Thumb Code     0  __rtentry2.o(.ARM.Collect$$rtentry$$0000000A)
    __rt_entry_postsh_1                      0x08000277   Thumb Code     0  __rtentry2.o(.ARM.Collect$$rtentry$$00000009)
    __rt_entry_main                          0x0800027b   Thumb Code     0  __rtentry2.o(.ARM.Collect$$rtentry$$0000000D)
    __rt_entry_postli_1                      0x0800027b   Thumb Code     0  __rtentry2.o(.ARM.Collect$$rtentry$$0000000C)
    __rt_exit                                0x08000283   Thumb Code     0  rtexit.o(.ARM.Collect$$rtexit$$00000000)
    __rt_exit_ls                             0x08000285   Thumb Code     0  rtexit2.o(.ARM.Collect$$rtexit$$00000003)
    __rt_exit_prels_1                        0x08000285   Thumb Code     0  rtexit2.o(.ARM.Collect$$rtexit$$00000002)
    __rt_exit_exit                           0x08000289   Thumb Code     0  rtexit2.o(.ARM.Collect$$rtexit$$00000004)
    Reset_Handler                            0x08000291   Thumb Code     8  startup_stm32f446xx.o(.text)
    ADC_IRQHandler                           0x080002ab   Thumb Code     0  startup_stm32f446xx.o(.text)
    CAN1_RX0_IRQHandler                      0x080002ab   Thumb Code     0  startup_stm32f446xx.o(.text)
    CAN1_RX1_IRQHandler                      0x080002ab   Thumb Code     0  startup_stm32f446xx.o(.text)
    CAN1_SCE_IRQHandler                      0x080002ab   Thumb Code     0  startup_stm32f446xx.o(.text)
    CAN1_TX_IRQHandler                       0x080002ab   Thumb Code     0  startup_stm32f446xx.o(.text)
    CAN2_RX0_IRQHandler                      0x080002ab   Thumb Code     0  startup_stm32f446xx.o(.text)
    CAN2_RX1_IRQHandler                      0x080002ab   Thumb Code     0  startup_stm32f446xx.o(.text)
    CAN2_SCE_IRQHandler                      0x080002ab   Thumb Code     0  startup_stm32f446xx.o(.text)
    CAN2_TX_IRQHandler                       0x080002ab   Thumb Code     0  startup_stm32f446xx.o(.text)
    CEC_IRQHandler                           0x080002ab   Thumb Code     0  startup_stm32f446xx.o(.text)
    DCMI_IRQHandler                          0x080002ab   Thumb Code     0  startup_stm32f446xx.o(.text)
    DMA1_Stream0_IRQHandler                  0x080002ab   Thumb Code     0  startup_stm32f446xx.o(.text)
    DMA1_Stream1_IRQHandler                  0x080002ab   Thumb Code     0  startup_stm32f446xx.o(.text)
    DMA1_Stream2_IRQHandler                  0x080002ab   Thumb Code     0  startup_stm32f446xx.o(.text)
    DMA1_Stream3_IRQHandler                  0x080002ab   Thumb Code     0  startup_stm32f446xx.o(.text)
    DMA1_Stream4_IRQHandler                  0x080002ab   Thumb Code     0  startup_stm32f446xx.o(.text)
    DMA1_Stream5_IRQHandler                  0x080002ab   Thumb Code     0  startup_stm32f446xx.o(.text)
    DMA1_Stream6_IRQHandler                  0x080002ab   Thumb Code     0  startup_stm32f446xx.o(.text)
    DMA1_Stream7_IRQHandler                  0x080002ab   Thumb Code     0  startup_stm32f446xx.o(.text)
    DMA2_Stream0_IRQHandler                  0x080002ab   Thumb Code     0  startup_stm32f446xx.o(.text)
    DMA2_Stream1_IRQHandler                  0x080002ab   Thumb Code     0  startup_stm32f446xx.o(.text)
    DMA2_Stream2_IRQHandler                  0x080002ab   Thumb Code     0  startup_stm32f446xx.o(.text)
    DMA2_Stream3_IRQHandler                  0x080002ab   Thumb Code     0  startup_stm32f446xx.o(.text)
    DMA2_Stream4_IRQHandler                  0x080002ab   Thumb Code     0  startup_stm32f446xx.o(.text)
    DMA2_Stream5_IRQHandler                  0x080002ab   Thumb Code     0  startup_stm32f446xx.o(.text)
    DMA2_Stream6_IRQHandler                  0x080002ab   Thumb Code     0  startup_stm32f446xx.o(.text)
    DMA2_Stream7_IRQHandler                  0x080002ab   Thumb Code     0  startup_stm32f446xx.o(.text)
    EXTI0_IRQHandler                         0x080002ab   Thumb Code     0  startup_stm32f446xx.o(.text)
    EXTI15_10_IRQHandler                     0x080002ab   Thumb Code     0  startup_stm32f446xx.o(.text)
    EXTI1_IRQHandler                         0x080002ab   Thumb Code     0  startup_stm32f446xx.o(.text)
    EXTI2_IRQHandler                         0x080002ab   Thumb Code     0  startup_stm32f446xx.o(.text)
    EXTI3_IRQHandler                         0x080002ab   Thumb Code     0  startup_stm32f446xx.o(.text)
    EXTI4_IRQHandler                         0x080002ab   Thumb Code     0  startup_stm32f446xx.o(.text)
    EXTI9_5_IRQHandler                       0x080002ab   Thumb Code     0  startup_stm32f446xx.o(.text)
    FLASH_IRQHandler                         0x080002ab   Thumb Code     0  startup_stm32f446xx.o(.text)
    FMC_IRQHandler                           0x080002ab   Thumb Code     0  startup_stm32f446xx.o(.text)
    FMPI2C1_ER_IRQHandler                    0x080002ab   Thumb Code     0  startup_stm32f446xx.o(.text)
    FMPI2C1_EV_IRQHandler                    0x080002ab   Thumb Code     0  startup_stm32f446xx.o(.text)
    FPU_IRQHandler                           0x080002ab   Thumb Code     0  startup_stm32f446xx.o(.text)
    I2C1_ER_IRQHandler                       0x080002ab   Thumb Code     0  startup_stm32f446xx.o(.text)
    I2C1_EV_IRQHandler                       0x080002ab   Thumb Code     0  startup_stm32f446xx.o(.text)
    I2C2_ER_IRQHandler                       0x080002ab   Thumb Code     0  startup_stm32f446xx.o(.text)
    I2C2_EV_IRQHandler                       0x080002ab   Thumb Code     0  startup_stm32f446xx.o(.text)
    I2C3_ER_IRQHandler                       0x080002ab   Thumb Code     0  startup_stm32f446xx.o(.text)
    I2C3_EV_IRQHandler                       0x080002ab   Thumb Code     0  startup_stm32f446xx.o(.text)
    OTG_FS_IRQHandler                        0x080002ab   Thumb Code     0  startup_stm32f446xx.o(.text)
    OTG_FS_WKUP_IRQHandler                   0x080002ab   Thumb Code     0  startup_stm32f446xx.o(.text)
    OTG_HS_EP1_IN_IRQHandler                 0x080002ab   Thumb Code     0  startup_stm32f446xx.o(.text)
    OTG_HS_EP1_OUT_IRQHandler                0x080002ab   Thumb Code     0  startup_stm32f446xx.o(.text)
    OTG_HS_IRQHandler                        0x080002ab   Thumb Code     0  startup_stm32f446xx.o(.text)
    OTG_HS_WKUP_IRQHandler                   0x080002ab   Thumb Code     0  startup_stm32f446xx.o(.text)
    PVD_IRQHandler                           0x080002ab   Thumb Code     0  startup_stm32f446xx.o(.text)
    QUADSPI_IRQHandler                       0x080002ab   Thumb Code     0  startup_stm32f446xx.o(.text)
    RCC_IRQHandler                           0x080002ab   Thumb Code     0  startup_stm32f446xx.o(.text)
    RTC_Alarm_IRQHandler                     0x080002ab   Thumb Code     0  startup_stm32f446xx.o(.text)
    RTC_WKUP_IRQHandler                      0x080002ab   Thumb Code     0  startup_stm32f446xx.o(.text)
    SAI1_IRQHandler                          0x080002ab   Thumb Code     0  startup_stm32f446xx.o(.text)
    SAI2_IRQHandler                          0x080002ab   Thumb Code     0  startup_stm32f446xx.o(.text)
    SDIO_IRQHandler                          0x080002ab   Thumb Code     0  startup_stm32f446xx.o(.text)
    SPDIF_RX_IRQHandler                      0x080002ab   Thumb Code     0  startup_stm32f446xx.o(.text)
    SPI1_IRQHandler                          0x080002ab   Thumb Code     0  startup_stm32f446xx.o(.text)
    SPI2_IRQHandler                          0x080002ab   Thumb Code     0  startup_stm32f446xx.o(.text)
    SPI3_IRQHandler                          0x080002ab   Thumb Code     0  startup_stm32f446xx.o(.text)
    SPI4_IRQHandler                          0x080002ab   Thumb Code     0  startup_stm32f446xx.o(.text)
    TAMP_STAMP_IRQHandler                    0x080002ab   Thumb Code     0  startup_stm32f446xx.o(.text)
    TIM1_BRK_TIM9_IRQHandler                 0x080002ab   Thumb Code     0  startup_stm32f446xx.o(.text)
    TIM1_CC_IRQHandler                       0x080002ab   Thumb Code     0  startup_stm32f446xx.o(.text)
    TIM1_TRG_COM_TIM11_IRQHandler            0x080002ab   Thumb Code     0  startup_stm32f446xx.o(.text)
    TIM1_UP_TIM10_IRQHandler                 0x080002ab   Thumb Code     0  startup_stm32f446xx.o(.text)
    TIM2_IRQHandler                          0x080002ab   Thumb Code     0  startup_stm32f446xx.o(.text)
    TIM3_IRQHandler                          0x080002ab   Thumb Code     0  startup_stm32f446xx.o(.text)
    TIM4_IRQHandler                          0x080002ab   Thumb Code     0  startup_stm32f446xx.o(.text)
    TIM5_IRQHandler                          0x080002ab   Thumb Code     0  startup_stm32f446xx.o(.text)
    TIM8_BRK_TIM12_IRQHandler                0x080002ab   Thumb Code     0  startup_stm32f446xx.o(.text)
    TIM8_CC_IRQHandler                       0x080002ab   Thumb Code     0  startup_stm32f446xx.o(.text)
    TIM8_TRG_COM_TIM14_IRQHandler            0x080002ab   Thumb Code     0  startup_stm32f446xx.o(.text)
    TIM8_UP_TIM13_IRQHandler                 0x080002ab   Thumb Code     0  startup_stm32f446xx.o(.text)
    UART4_IRQHandler                         0x080002ab   Thumb Code     0  startup_stm32f446xx.o(.text)
    UART5_IRQHandler                         0x080002ab   Thumb Code     0  startup_stm32f446xx.o(.text)
    USART1_IRQHandler                        0x080002ab   Thumb Code     0  startup_stm32f446xx.o(.text)
    USART2_IRQHandler                        0x080002ab   Thumb Code     0  startup_stm32f446xx.o(.text)
    USART3_IRQHandler                        0x080002ab   Thumb Code     0  startup_stm32f446xx.o(.text)
    USART6_IRQHandler                        0x080002ab   Thumb Code     0  startup_stm32f446xx.o(.text)
    WWDG_IRQHandler                          0x080002ab   Thumb Code     0  startup_stm32f446xx.o(.text)
    __user_initial_stackheap                 0x080002ad   Thumb Code     0  startup_stm32f446xx.o(.text)
    __aeabi_uldivmod                         0x080002d1   Thumb Code     0  lludivv7m.o(.text)
    _ll_udiv                                 0x080002d1   Thumb Code   240  lludivv7m.o(.text)
    __aeabi_memclr4                          0x080003c1   Thumb Code     0  rt_memclr_w.o(.text)
    __aeabi_memclr8                          0x080003c1   Thumb Code     0  rt_memclr_w.o(.text)
    __rt_memclr_w                            0x080003c1   Thumb Code     0  rt_memclr_w.o(.text)
    _memset_w                                0x080003c5   Thumb Code    74  rt_memclr_w.o(.text)
    __use_two_region_memory                  0x0800040f   Thumb Code     2  heapauxi.o(.text)
    __rt_heap_escrow$2region                 0x08000411   Thumb Code     2  heapauxi.o(.text)
    __rt_heap_expand$2region                 0x08000413   Thumb Code     2  heapauxi.o(.text)
    __user_setup_stackheap                   0x08000415   Thumb Code    74  sys_stackheap_outer.o(.text)
    exit                                     0x0800045f   Thumb Code    18  exit.o(.text)
    __user_libspace                          0x08000471   Thumb Code     8  libspace.o(.text)
    __user_perproc_libspace                  0x08000471   Thumb Code     0  libspace.o(.text)
    __user_perthread_libspace                0x08000471   Thumb Code     0  libspace.o(.text)
    _sys_exit                                0x08000479   Thumb Code     8  sys_exit.o(.text)
    __I$use$semihosting                      0x08000485   Thumb Code     0  use_no_semi.o(.text)
    __use_no_semihosting_swi                 0x08000485   Thumb Code     2  use_no_semi.o(.text)
    __semihosting_library_function           0x08000487   Thumb Code     0  indicate_semi.o(.text)
    BusFault_Handler                         0x08000489   Thumb Code     2  stm32f4xx_it.o(.text.BusFault_Handler)
    DebugMon_Handler                         0x0800048d   Thumb Code     2  stm32f4xx_it.o(.text.DebugMon_Handler)
    Error_Handler                            0x08000491   Thumb Code     6  main.o(.text.Error_Handler)
    HAL_Delay                                0x08000499   Thumb Code    40  stm32f4xx_hal.o(.text.HAL_Delay)
    HAL_GPIO_Init                            0x080004c1   Thumb Code   414  stm32f4xx_hal_gpio.o(.text.HAL_GPIO_Init)
    HAL_GPIO_TogglePin                       0x08000661   Thumb Code    16  stm32f4xx_hal_gpio.o(.text.HAL_GPIO_TogglePin)
    HAL_GPIO_WritePin                        0x08000671   Thumb Code    10  stm32f4xx_hal_gpio.o(.text.HAL_GPIO_WritePin)
    HAL_GetTick                              0x0800067d   Thumb Code    12  stm32f4xx_hal.o(.text.HAL_GetTick)
    HAL_IncTick                              0x08000689   Thumb Code    26  stm32f4xx_hal.o(.text.HAL_IncTick)
    HAL_Init                                 0x080006a5   Thumb Code    54  stm32f4xx_hal.o(.text.HAL_Init)
    HAL_InitTick                             0x080006dd   Thumb Code    72  stm32f4xx_hal.o(.text.HAL_InitTick)
    HAL_MspInit                              0x08000725   Thumb Code    56  stm32f4xx_hal_msp.o(.text.HAL_MspInit)
    HAL_NVIC_EnableIRQ                       0x0800075d   Thumb Code    34  stm32f4xx_hal_cortex.o(.text.HAL_NVIC_EnableIRQ)
    HAL_NVIC_SetPriority                     0x08000781   Thumb Code    86  stm32f4xx_hal_cortex.o(.text.HAL_NVIC_SetPriority)
    HAL_NVIC_SetPriorityGrouping             0x080007d9   Thumb Code    32  stm32f4xx_hal_cortex.o(.text.HAL_NVIC_SetPriorityGrouping)
    HAL_PCDEx_ActivateLPM                    0x080007f9   Thumb Code    38  stm32f4xx_hal_pcd_ex.o(.text.HAL_PCDEx_ActivateLPM)
    HAL_PCD_Init                             0x08000821   Thumb Code   634  stm32f4xx_hal_pcd.o(.text.HAL_PCD_Init)
    HAL_PCD_MspInit                          0x08000a9d   Thumb Code   164  stm32f4xx_hal_msp.o(.text.HAL_PCD_MspInit)
    HAL_RCCEx_PeriphCLKConfig                0x08000b41   Thumb Code  1086  stm32f4xx_hal_rcc_ex.o(.text.HAL_RCCEx_PeriphCLKConfig)
    HAL_RCC_ClockConfig                      0x08000f81   Thumb Code   356  stm32f4xx_hal_rcc.o(.text.HAL_RCC_ClockConfig)
    HAL_RCC_GetPCLK1Freq                     0x080010e5   Thumb Code    38  stm32f4xx_hal_rcc.o(.text.HAL_RCC_GetPCLK1Freq)
    HAL_RCC_GetPCLK2Freq                     0x0800110d   Thumb Code    38  stm32f4xx_hal_rcc.o(.text.HAL_RCC_GetPCLK2Freq)
    HAL_RCC_GetSysClockFreq                  0x08001135   Thumb Code   162  stm32f4xx_hal_rcc_ex.o(.text.HAL_RCC_GetSysClockFreq)
    HAL_RCC_OscConfig                        0x080011d9   Thumb Code   992  stm32f4xx_hal_rcc_ex.o(.text.HAL_RCC_OscConfig)
    HAL_SYSTICK_Config                       0x080015b9   Thumb Code    44  stm32f4xx_hal_cortex.o(.text.HAL_SYSTICK_Config)
    HAL_TIMEx_BreakCallback                  0x080015e5   Thumb Code     2  stm32f4xx_hal_tim_ex.o(.text.HAL_TIMEx_BreakCallback)
    HAL_TIMEx_CommutCallback                 0x080015e9   Thumb Code     2  stm32f4xx_hal_tim_ex.o(.text.HAL_TIMEx_CommutCallback)
    HAL_TIMEx_MasterConfigSynchronization    0x080015ed   Thumb Code   186  stm32f4xx_hal_tim_ex.o(.text.HAL_TIMEx_MasterConfigSynchronization)
    HAL_TIM_Base_Init                        0x080016a9   Thumb Code    90  stm32f4xx_hal_tim.o(.text.HAL_TIM_Base_Init)
    HAL_TIM_Base_MspInit                     0x08001705   Thumb Code   124  stm32f4xx_hal_msp.o(.text.HAL_TIM_Base_MspInit)
    HAL_TIM_Base_Start_IT                    0x08001781   Thumb Code   170  stm32f4xx_hal_tim.o(.text.HAL_TIM_Base_Start_IT)
    HAL_TIM_IC_CaptureCallback               0x0800182d   Thumb Code     2  stm32f4xx_hal_tim.o(.text.HAL_TIM_IC_CaptureCallback)
    HAL_TIM_IRQHandler                       0x08001831   Thumb Code   334  stm32f4xx_hal_tim.o(.text.HAL_TIM_IRQHandler)
    HAL_TIM_OC_DelayElapsedCallback          0x08001981   Thumb Code     2  stm32f4xx_hal_tim.o(.text.HAL_TIM_OC_DelayElapsedCallback)
    HAL_TIM_PWM_PulseFinishedCallback        0x08001985   Thumb Code     2  stm32f4xx_hal_tim.o(.text.HAL_TIM_PWM_PulseFinishedCallback)
    HAL_TIM_PeriodElapsedCallback            0x08001989   Thumb Code    34  main.o(.text.HAL_TIM_PeriodElapsedCallback)
    HAL_TIM_TriggerCallback                  0x080019ad   Thumb Code     2  stm32f4xx_hal_tim.o(.text.HAL_TIM_TriggerCallback)
    HAL_UART_Init                            0x080019b1   Thumb Code    96  stm32f4xx_hal_uart.o(.text.HAL_UART_Init)
    HAL_UART_MspInit                         0x08001a11   Thumb Code   108  stm32f4xx_hal_msp.o(.text.HAL_UART_MspInit)
    HardFault_Handler                        0x08001a7d   Thumb Code     2  stm32f4xx_it.o(.text.HardFault_Handler)
    MemManage_Handler                        0x08001a81   Thumb Code     2  stm32f4xx_it.o(.text.MemManage_Handler)
    NMI_Handler                              0x08001a85   Thumb Code     2  stm32f4xx_it.o(.text.NMI_Handler)
    PendSV_Handler                           0x08001a89   Thumb Code     2  stm32f4xx_it.o(.text.PendSV_Handler)
    SVC_Handler                              0x08001a8d   Thumb Code     2  stm32f4xx_it.o(.text.SVC_Handler)
    SysTick_Handler                          0x08001a91   Thumb Code     4  stm32f4xx_it.o(.text.SysTick_Handler)
    SystemClock_Config                       0x08001a95   Thumb Code   172  main.o(.text.SystemClock_Config)
    SystemInit                               0x08001b41   Thumb Code    18  system_stm32f4xx.o(.text.SystemInit)
    TIM6_DAC_IRQHandler                      0x08001b55   Thumb Code    12  stm32f4xx_it.o(.text.TIM6_DAC_IRQHandler)
    TIM7_IRQHandler                          0x08001b61   Thumb Code    12  stm32f4xx_it.o(.text.TIM7_IRQHandler)
    TIM_Base_SetConfig                       0x08001b6d   Thumb Code   332  stm32f4xx_hal_tim.o(.text.TIM_Base_SetConfig)
    USB_CoreInit                             0x08001da9   Thumb Code   530  stm32f4xx_ll_usb.o(.text.USB_CoreInit)
    USB_DevDisconnect                        0x08001fbd   Thumb Code    30  stm32f4xx_ll_usb.o(.text.USB_DevDisconnect)
    USB_DevInit                              0x08001fdd   Thumb Code  1184  stm32f4xx_ll_usb.o(.text.USB_DevInit)
    USB_DisableGlobalInt                     0x0800247d   Thumb Code    14  stm32f4xx_ll_usb.o(.text.USB_DisableGlobalInt)
    USB_SetCurrentMode                       0x0800248d   Thumb Code   872  stm32f4xx_ll_usb.o(.text.USB_SetCurrentMode)
    UsageFault_Handler                       0x080027f5   Thumb Code     2  stm32f4xx_it.o(.text.UsageFault_Handler)
    blink                                    0x080027f9   Thumb Code   414  main.o(.text.blink)
    main                                     0x08002999   Thumb Code  1106  main.o(.text.main)
    stateChange                              0x08002ded   Thumb Code   196  main.o(.text.stateChange)
    _fp_init                                 0x08002eb1   Thumb Code    26  fpinit.o(x$fpl$fpinit)
    __fplib_config_fpu_vfp                   0x08002ec9   Thumb Code     0  fpinit.o(x$fpl$fpinit)
    __fplib_config_pureend_doubles           0x08002ec9   Thumb Code     0  fpinit.o(x$fpl$fpinit)
    AHBPrescTable                            0x08002eca   Data          16  system_stm32f4xx.o(.rodata.AHBPrescTable)
    APBPrescTable                            0x08002eda   Data           8  system_stm32f4xx.o(.rodata.APBPrescTable)
    Region$$Table$$Base                      0x08002ee4   Number         0  anon$$obj.o(Region$$Table)
    Region$$Table$$Limit                     0x08002f04   Number         0  anon$$obj.o(Region$$Table)
    st_G1R2                                  0x20000000   Data           8  main.o(.data..L_MergedGlobals)
    st_Y1R2                                  0x20000008   Data           8  main.o(.data..L_MergedGlobals)
    st_R1R2                                  0x20000010   Data           8  main.o(.data..L_MergedGlobals)
    st_R1G2                                  0x20000018   Data           8  main.o(.data..L_MergedGlobals)
    st_R1Y2                                  0x20000020   Data           8  main.o(.data..L_MergedGlobals)
    st_R1R2_2                                0x20000028   Data           8  main.o(.data..L_MergedGlobals)
    uwTickFreq                               0x20000030   Data           1  stm32f4xx_hal.o(.data..L_MergedGlobals)
    uwTickPrio                               0x20000034   Data           4  stm32f4xx_hal.o(.data..L_MergedGlobals)
    SystemCoreClock                          0x20000038   Data           4  system_stm32f4xx.o(.data.SystemCoreClock)
    __libspace_start                         0x20000040   Data          96  libspace.o(.bss)
    __temporary_stack_top$libspace           0x200000a0   Data           0  libspace.o(.bss)
    ready                                    0x200000a0   Data           4  main.o(.bss..L_MergedGlobals.1)
    htim6                                    0x200000a4   Data          72  main.o(.bss..L_MergedGlobals.1)
    hpcd_USB_OTG_FS                          0x200000ec   Data        1252  main.o(.bss.hpcd_USB_OTG_FS)
    htim7                                    0x200005d0   Data          72  main.o(.bss.htim7)
    huart3                                   0x20000618   Data          72  main.o(.bss.huart3)
    uwTick                                   0x20000660   Data           4  stm32f4xx_hal.o(.bss.uwTick)



==============================================================================

Memory Map of the image

  Image Entry point : 0x080001c5

  Load Region LR_IROM1 (Base: 0x08000000, Size: 0x00002f48, Max: 0x00080000, ABSOLUTE)

    Execution Region ER_IROM1 (Exec base: 0x08000000, Load base: 0x08000000, Size: 0x00002f04, Max: 0x00080000, ABSOLUTE)

    Exec Addr    Load Addr    Size         Type   Attr      Idx    E Section Name        Object

    0x08000000   0x08000000   0x000001c4   Data   RO            3    RESET               startup_stm32f446xx.o
    0x080001c4   0x080001c4   0x00000008   Code   RO         1176  * !!!main             c_w.l(__main.o)
    0x080001cc   0x080001cc   0x0000005c   Code   RO         1351    !!!scatter          c_w.l(__scatter.o)
    0x08000228   0x08000228   0x0000001a   Code   RO         1355    !!handler_copy      c_w.l(__scatter_copy.o)
    0x08000242   0x08000242   0x00000002   PAD
    0x08000244   0x08000244   0x00000002   Code   RO         1352    !!handler_null      c_w.l(__scatter.o)
    0x08000246   0x08000246   0x00000002   PAD
    0x08000248   0x08000248   0x0000001c   Code   RO         1357    !!handler_zi        c_w.l(__scatter_zi.o)
    0x08000264   0x08000264   0x00000002   Code   RO         1213    .ARM.Collect$$libinit$$00000000  c_w.l(libinit.o)
    0x08000266   0x08000266   0x00000004   Code   RO         1225    .ARM.Collect$$libinit$$00000001  c_w.l(libinit2.o)
    0x0800026a   0x0800026a   0x00000000   Code   RO         1228    .ARM.Collect$$libinit$$00000004  c_w.l(libinit2.o)
    0x0800026a   0x0800026a   0x00000000   Code   RO         1230    .ARM.Collect$$libinit$$00000006  c_w.l(libinit2.o)
    0x0800026a   0x0800026a   0x00000000   Code   RO         1233    .ARM.Collect$$libinit$$0000000C  c_w.l(libinit2.o)
    0x0800026a   0x0800026a   0x00000000   Code   RO         1235    .ARM.Collect$$libinit$$0000000E  c_w.l(libinit2.o)
    0x0800026a   0x0800026a   0x00000000   Code   RO         1237    .ARM.Collect$$libinit$$00000010  c_w.l(libinit2.o)
    0x0800026a   0x0800026a   0x00000000   Code   RO         1240    .ARM.Collect$$libinit$$00000013  c_w.l(libinit2.o)
    0x0800026a   0x0800026a   0x00000000   Code   RO         1242    .ARM.Collect$$libinit$$00000015  c_w.l(libinit2.o)
    0x0800026a   0x0800026a   0x00000000   Code   RO         1244    .ARM.Collect$$libinit$$00000017  c_w.l(libinit2.o)
    0x0800026a   0x0800026a   0x00000000   Code   RO         1246    .ARM.Collect$$libinit$$00000019  c_w.l(libinit2.o)
    0x0800026a   0x0800026a   0x00000000   Code   RO         1248    .ARM.Collect$$libinit$$0000001B  c_w.l(libinit2.o)
    0x0800026a   0x0800026a   0x00000000   Code   RO         1250    .ARM.Collect$$libinit$$0000001D  c_w.l(libinit2.o)
    0x0800026a   0x0800026a   0x00000000   Code   RO         1252    .ARM.Collect$$libinit$$0000001F  c_w.l(libinit2.o)
    0x0800026a   0x0800026a   0x00000000   Code   RO         1254    .ARM.Collect$$libinit$$00000021  c_w.l(libinit2.o)
    0x0800026a   0x0800026a   0x00000000   Code   RO         1256    .ARM.Collect$$libinit$$00000023  c_w.l(libinit2.o)
    0x0800026a   0x0800026a   0x00000000   Code   RO         1258    .ARM.Collect$$libinit$$00000025  c_w.l(libinit2.o)
    0x0800026a   0x0800026a   0x00000000   Code   RO         1260    .ARM.Collect$$libinit$$00000027  c_w.l(libinit2.o)
    0x0800026a   0x0800026a   0x00000000   Code   RO         1264    .ARM.Collect$$libinit$$0000002E  c_w.l(libinit2.o)
    0x0800026a   0x0800026a   0x00000000   Code   RO         1266    .ARM.Collect$$libinit$$00000030  c_w.l(libinit2.o)
    0x0800026a   0x0800026a   0x00000000   Code   RO         1268    .ARM.Collect$$libinit$$00000032  c_w.l(libinit2.o)
    0x0800026a   0x0800026a   0x00000000   Code   RO         1270    .ARM.Collect$$libinit$$00000034  c_w.l(libinit2.o)
    0x0800026a   0x0800026a   0x00000002   Code   RO         1271    .ARM.Collect$$libinit$$00000035  c_w.l(libinit2.o)
    0x0800026c   0x0800026c   0x00000002   Code   RO         1306    .ARM.Collect$$libshutdown$$00000000  c_w.l(libshutdown.o)
    0x0800026e   0x0800026e   0x00000000   Code   RO         1334    .ARM.Collect$$libshutdown$$00000002  c_w.l(libshutdown2.o)
    0x0800026e   0x0800026e   0x00000000   Code   RO         1336    .ARM.Collect$$libshutdown$$00000004  c_w.l(libshutdown2.o)
    0x0800026e   0x0800026e   0x00000000   Code   RO         1339    .ARM.Collect$$libshutdown$$00000007  c_w.l(libshutdown2.o)
    0x0800026e   0x0800026e   0x00000000   Code   RO         1342    .ARM.Collect$$libshutdown$$0000000A  c_w.l(libshutdown2.o)
    0x0800026e   0x0800026e   0x00000000   Code   RO         1344    .ARM.Collect$$libshutdown$$0000000C  c_w.l(libshutdown2.o)
    0x0800026e   0x0800026e   0x00000000   Code   RO         1347    .ARM.Collect$$libshutdown$$0000000F  c_w.l(libshutdown2.o)
    0x0800026e   0x0800026e   0x00000002   Code   RO         1348    .ARM.Collect$$libshutdown$$00000010  c_w.l(libshutdown2.o)
    0x08000270   0x08000270   0x00000000   Code   RO         1178    .ARM.Collect$$rtentry$$00000000  c_w.l(__rtentry.o)
    0x08000270   0x08000270   0x00000000   Code   RO         1184    .ARM.Collect$$rtentry$$00000002  c_w.l(__rtentry2.o)
    0x08000270   0x08000270   0x00000006   Code   RO         1196    .ARM.Collect$$rtentry$$00000004  c_w.l(__rtentry4.o)
    0x08000276   0x08000276   0x00000000   Code   RO         1186    .ARM.Collect$$rtentry$$00000009  c_w.l(__rtentry2.o)
    0x08000276   0x08000276   0x00000004   Code   RO         1187    .ARM.Collect$$rtentry$$0000000A  c_w.l(__rtentry2.o)
    0x0800027a   0x0800027a   0x00000000   Code   RO         1189    .ARM.Collect$$rtentry$$0000000C  c_w.l(__rtentry2.o)
    0x0800027a   0x0800027a   0x00000008   Code   RO         1190    .ARM.Collect$$rtentry$$0000000D  c_w.l(__rtentry2.o)
    0x08000282   0x08000282   0x00000002   Code   RO         1217    .ARM.Collect$$rtexit$$00000000  c_w.l(rtexit.o)
    0x08000284   0x08000284   0x00000000   Code   RO         1277    .ARM.Collect$$rtexit$$00000002  c_w.l(rtexit2.o)
    0x08000284   0x08000284   0x00000004   Code   RO         1278    .ARM.Collect$$rtexit$$00000003  c_w.l(rtexit2.o)
    0x08000288   0x08000288   0x00000006   Code   RO         1279    .ARM.Collect$$rtexit$$00000004  c_w.l(rtexit2.o)
    0x0800028e   0x0800028e   0x00000002   PAD
    0x08000290   0x08000290   0x00000040   Code   RO            4    .text               startup_stm32f446xx.o
    0x080002d0   0x080002d0   0x000000f0   Code   RO         1170    .text               c_w.l(lludivv7m.o)
    0x080003c0   0x080003c0   0x0000004e   Code   RO         1172    .text               c_w.l(rt_memclr_w.o)
    0x0800040e   0x0800040e   0x00000006   Code   RO         1174    .text               c_w.l(heapauxi.o)
    0x08000414   0x08000414   0x0000004a   Code   RO         1200    .text               c_w.l(sys_stackheap_outer.o)
    0x0800045e   0x0800045e   0x00000012   Code   RO         1202    .text               c_w.l(exit.o)
    0x08000470   0x08000470   0x00000008   Code   RO         1214    .text               c_w.l(libspace.o)
    0x08000478   0x08000478   0x0000000c   Code   RO         1272    .text               c_w.l(sys_exit.o)
    0x08000484   0x08000484   0x00000002   Code   RO         1295    .text               c_w.l(use_no_semi.o)
    0x08000486   0x08000486   0x00000000   Code   RO         1297    .text               c_w.l(indicate_semi.o)
    0x08000486   0x08000486   0x00000002   PAD
    0x08000488   0x08000488   0x00000002   Code   RO           45    .text.BusFault_Handler  stm32f4xx_it.o
    0x0800048a   0x0800048a   0x00000002   PAD
    0x0800048c   0x0800048c   0x00000002   Code   RO           51    .text.DebugMon_Handler  stm32f4xx_it.o
    0x0800048e   0x0800048e   0x00000002   PAD
    0x08000490   0x08000490   0x00000006   Code   RO           23    .text.Error_Handler  main.o
    0x08000496   0x08000496   0x00000002   PAD
    0x08000498   0x08000498   0x00000028   Code   RO          760    .text.HAL_Delay     stm32f4xx_hal.o
    0x080004c0   0x080004c0   0x0000019e   Code   RO          553    .text.HAL_GPIO_Init  stm32f4xx_hal_gpio.o
    0x0800065e   0x0800065e   0x00000002   PAD
    0x08000660   0x08000660   0x00000010   Code   RO          561    .text.HAL_GPIO_TogglePin  stm32f4xx_hal_gpio.o
    0x08000670   0x08000670   0x0000000a   Code   RO          559    .text.HAL_GPIO_WritePin  stm32f4xx_hal_gpio.o
    0x0800067a   0x0800067a   0x00000002   PAD
    0x0800067c   0x0800067c   0x0000000c   Code   RO          752    .text.HAL_GetTick   stm32f4xx_hal.o
    0x08000688   0x08000688   0x0000001a   Code   RO          750    .text.HAL_IncTick   stm32f4xx_hal.o
    0x080006a2   0x080006a2   0x00000002   PAD
    0x080006a4   0x080006a4   0x00000036   Code   RO          740    .text.HAL_Init      stm32f4xx_hal.o
    0x080006da   0x080006da   0x00000002   PAD
    0x080006dc   0x080006dc   0x00000048   Code   RO          742    .text.HAL_InitTick  stm32f4xx_hal.o
    0x08000724   0x08000724   0x00000038   Code   RO           68    .text.HAL_MspInit   stm32f4xx_hal_msp.o
    0x0800075c   0x0800075c   0x00000022   Code   RO          696    .text.HAL_NVIC_EnableIRQ  stm32f4xx_hal_cortex.o
    0x0800077e   0x0800077e   0x00000002   PAD
    0x08000780   0x08000780   0x00000056   Code   RO          694    .text.HAL_NVIC_SetPriority  stm32f4xx_hal_cortex.o
    0x080007d6   0x080007d6   0x00000002   PAD
    0x080007d8   0x080007d8   0x00000020   Code   RO          692    .text.HAL_NVIC_SetPriorityGrouping  stm32f4xx_hal_cortex.o
    0x080007f8   0x080007f8   0x00000026   Code   RO         1034    .text.HAL_PCDEx_ActivateLPM  stm32f4xx_hal_pcd_ex.o
    0x0800081e   0x0800081e   0x00000002   PAD
    0x08000820   0x08000820   0x0000027a   Code   RO          952    .text.HAL_PCD_Init  stm32f4xx_hal_pcd.o
    0x08000a9a   0x08000a9a   0x00000002   PAD
    0x08000a9c   0x08000a9c   0x000000a4   Code   RO           78    .text.HAL_PCD_MspInit  stm32f4xx_hal_msp.o
    0x08000b40   0x08000b40   0x0000043e   Code   RO          445    .text.HAL_RCCEx_PeriphCLKConfig  stm32f4xx_hal_rcc_ex.o
    0x08000f7e   0x08000f7e   0x00000002   PAD
    0x08000f80   0x08000f80   0x00000164   Code   RO          413    .text.HAL_RCC_ClockConfig  stm32f4xx_hal_rcc.o
    0x080010e4   0x080010e4   0x00000026   Code   RO          425    .text.HAL_RCC_GetPCLK1Freq  stm32f4xx_hal_rcc.o
    0x0800110a   0x0800110a   0x00000002   PAD
    0x0800110c   0x0800110c   0x00000026   Code   RO          427    .text.HAL_RCC_GetPCLK2Freq  stm32f4xx_hal_rcc.o
    0x08001132   0x08001132   0x00000002   PAD
    0x08001134   0x08001134   0x000000a2   Code   RO          461    .text.HAL_RCC_GetSysClockFreq  stm32f4xx_hal_rcc_ex.o
    0x080011d6   0x080011d6   0x00000002   PAD
    0x080011d8   0x080011d8   0x000003e0   Code   RO          465    .text.HAL_RCC_OscConfig  stm32f4xx_hal_rcc_ex.o
    0x080015b8   0x080015b8   0x0000002c   Code   RO          704    .text.HAL_SYSTICK_Config  stm32f4xx_hal_cortex.o
    0x080015e4   0x080015e4   0x00000002   Code   RO          395    .text.HAL_TIMEx_BreakCallback  stm32f4xx_hal_tim_ex.o
    0x080015e6   0x080015e6   0x00000002   PAD
    0x080015e8   0x080015e8   0x00000002   Code   RO          391    .text.HAL_TIMEx_CommutCallback  stm32f4xx_hal_tim_ex.o
    0x080015ea   0x080015ea   0x00000002   PAD
    0x080015ec   0x080015ec   0x000000ba   Code   RO          385    .text.HAL_TIMEx_MasterConfigSynchronization  stm32f4xx_hal_tim_ex.o
    0x080016a6   0x080016a6   0x00000002   PAD
    0x080016a8   0x080016a8   0x0000005a   Code   RO           90    .text.HAL_TIM_Base_Init  stm32f4xx_hal_tim.o
    0x08001702   0x08001702   0x00000002   PAD
    0x08001704   0x08001704   0x0000007c   Code   RO           70    .text.HAL_TIM_Base_MspInit  stm32f4xx_hal_msp.o
    0x08001780   0x08001780   0x000000aa   Code   RO          104    .text.HAL_TIM_Base_Start_IT  stm32f4xx_hal_tim.o
    0x0800182a   0x0800182a   0x00000002   PAD
    0x0800182c   0x0800182c   0x00000002   Code   RO          226    .text.HAL_TIM_IC_CaptureCallback  stm32f4xx_hal_tim.o
    0x0800182e   0x0800182e   0x00000002   PAD
    0x08001830   0x08001830   0x0000014e   Code   RO          224    .text.HAL_TIM_IRQHandler  stm32f4xx_hal_tim.o
    0x0800197e   0x0800197e   0x00000002   PAD
    0x08001980   0x08001980   0x00000002   Code   RO          228    .text.HAL_TIM_OC_DelayElapsedCallback  stm32f4xx_hal_tim.o
    0x08001982   0x08001982   0x00000002   PAD
    0x08001984   0x08001984   0x00000002   Code   RO          230    .text.HAL_TIM_PWM_PulseFinishedCallback  stm32f4xx_hal_tim.o
    0x08001986   0x08001986   0x00000002   PAD
    0x08001988   0x08001988   0x00000022   Code   RO           19    .text.HAL_TIM_PeriodElapsedCallback  main.o
    0x080019aa   0x080019aa   0x00000002   PAD
    0x080019ac   0x080019ac   0x00000002   Code   RO          234    .text.HAL_TIM_TriggerCallback  stm32f4xx_hal_tim.o
    0x080019ae   0x080019ae   0x00000002   PAD
    0x080019b0   0x080019b0   0x00000060   Code   RO          830    .text.HAL_UART_Init  stm32f4xx_hal_uart.o
    0x08001a10   0x08001a10   0x0000006c   Code   RO           74    .text.HAL_UART_MspInit  stm32f4xx_hal_msp.o
    0x08001a7c   0x08001a7c   0x00000002   Code   RO           41    .text.HardFault_Handler  stm32f4xx_it.o
    0x08001a7e   0x08001a7e   0x00000002   PAD
    0x08001a80   0x08001a80   0x00000002   Code   RO           43    .text.MemManage_Handler  stm32f4xx_it.o
    0x08001a82   0x08001a82   0x00000002   PAD
    0x08001a84   0x08001a84   0x00000002   Code   RO           39    .text.NMI_Handler   stm32f4xx_it.o
    0x08001a86   0x08001a86   0x00000002   PAD
    0x08001a88   0x08001a88   0x00000002   Code   RO           53    .text.PendSV_Handler  stm32f4xx_it.o
    0x08001a8a   0x08001a8a   0x00000002   PAD
    0x08001a8c   0x08001a8c   0x00000002   Code   RO           49    .text.SVC_Handler   stm32f4xx_it.o
    0x08001a8e   0x08001a8e   0x00000002   PAD
    0x08001a90   0x08001a90   0x00000004   Code   RO           55    .text.SysTick_Handler  stm32f4xx_it.o
    0x08001a94   0x08001a94   0x000000ac   Code   RO           13    .text.SystemClock_Config  main.o
    0x08001b40   0x08001b40   0x00000012   Code   RO         1154    .text.SystemInit    system_stm32f4xx.o
    0x08001b52   0x08001b52   0x00000002   PAD
    0x08001b54   0x08001b54   0x0000000c   Code   RO           57    .text.TIM6_DAC_IRQHandler  stm32f4xx_it.o
    0x08001b60   0x08001b60   0x0000000c   Code   RO           59    .text.TIM7_IRQHandler  stm32f4xx_it.o
    0x08001b6c   0x08001b6c   0x0000014c   Code   RO           94    .text.TIM_Base_SetConfig  stm32f4xx_hal_tim.o
    0x08001cb8   0x08001cb8   0x000000ee   Code   RO          834    .text.UART_SetConfig  stm32f4xx_hal_uart.o
    0x08001da6   0x08001da6   0x00000002   PAD
    0x08001da8   0x08001da8   0x00000212   Code   RO         1050    .text.USB_CoreInit  stm32f4xx_ll_usb.o
    0x08001fba   0x08001fba   0x00000002   PAD
    0x08001fbc   0x08001fbc   0x0000001e   Code   RO         1098    .text.USB_DevDisconnect  stm32f4xx_ll_usb.o
    0x08001fda   0x08001fda   0x00000002   PAD
    0x08001fdc   0x08001fdc   0x000004a0   Code   RO         1062    .text.USB_DevInit   stm32f4xx_ll_usb.o
    0x0800247c   0x0800247c   0x0000000e   Code   RO         1056    .text.USB_DisableGlobalInt  stm32f4xx_ll_usb.o
    0x0800248a   0x0800248a   0x00000002   PAD
    0x0800248c   0x0800248c   0x00000368   Code   RO         1058    .text.USB_SetCurrentMode  stm32f4xx_ll_usb.o
    0x080027f4   0x080027f4   0x00000002   Code   RO           47    .text.UsageFault_Handler  stm32f4xx_it.o
    0x080027f6   0x080027f6   0x00000002   PAD
    0x080027f8   0x080027f8   0x0000019e   Code   RO           21    .text.blink         main.o
    0x08002996   0x08002996   0x00000002   PAD
    0x08002998   0x08002998   0x00000452   Code   RO           11    .text.main          main.o
    0x08002dea   0x08002dea   0x00000002   PAD
    0x08002dec   0x08002dec   0x000000c4   Code   RO           15    .text.stateChange   main.o
    0x08002eb0   0x08002eb0   0x0000001a   Code   RO         1289    x$fpl$fpinit        fz_wm.l(fpinit.o)
    0x08002eca   0x08002eca   0x00000010   Data   RO         1159    .rodata.AHBPrescTable  system_stm32f4xx.o
    0x08002eda   0x08002eda   0x00000008   Data   RO         1160    .rodata.APBPrescTable  system_stm32f4xx.o
    0x08002ee2   0x08002ee2   0x00000002   PAD
    0x08002ee4   0x08002ee4   0x00000020   Data   RO         1350    Region$$Table       anon$$obj.o


    Execution Region RW_IRAM1 (Exec base: 0x20000000, Load base: 0x08002f08, Size: 0x00000c68, Max: 0x00020000, ABSOLUTE)

    Exec Addr    Load Addr    Size         Type   Attr      Idx    E Section Name        Object

    0x20000000   0x08002f08   0x00000030   Data   RW           29    .data..L_MergedGlobals  main.o
    0x20000030   0x08002f38   0x00000008   Data   RW          795    .data..L_MergedGlobals  stm32f4xx_hal.o
    0x20000038   0x08002f40   0x00000004   Data   RW         1158    .data.SystemCoreClock  system_stm32f4xx.o
    0x2000003c   0x08002f44   0x00000004   PAD
    0x20000040        -       0x00000060   Zero   RW         1215    .bss                c_w.l(libspace.o)
    0x200000a0        -       0x0000004c   Zero   RW           30    .bss..L_MergedGlobals.1  main.o
    0x200000ec        -       0x000004e4   Zero   RW           27    .bss.hpcd_USB_OTG_FS  main.o
    0x200005d0        -       0x00000048   Zero   RW           25    .bss.htim7          main.o
    0x20000618        -       0x00000048   Zero   RW           26    .bss.huart3         main.o
    0x20000660        -       0x00000004   Zero   RW          794    .bss.uwTick         stm32f4xx_hal.o
    0x20000664   0x08002f44   0x00000004   PAD
    0x20000668        -       0x00000200   Zero   RW            2    HEAP                startup_stm32f446xx.o
    0x20000868        -       0x00000400   Zero   RW            1    STACK               startup_stm32f446xx.o


==============================================================================

Image component sizes


      Code (inc. data)   RO Data    RW Data    ZI Data      Debug   Object Name

      1928          6          0         48       1472      13359   main.o
        64         26        452          0       1536        880   startup_stm32f446xx.o
       204          0          0          8          4       7527   stm32f4xx_hal.o
       196          0          0          0          0      10696   stm32f4xx_hal_cortex.o
       440          0          0          0          0       5479   stm32f4xx_hal_gpio.o
       452          0          0          0          0      13260   stm32f4xx_hal_msp.o
       634          0          0          0          0      17732   stm32f4xx_hal_pcd.o
        38          0          0          0          0       5318   stm32f4xx_hal_pcd_ex.o
       432          0          0          0          0       7597   stm32f4xx_hal_rcc.o
      2240          4          0          0          0      11167   stm32f4xx_hal_rcc_ex.o
       934          0          0          0          0      55605   stm32f4xx_hal_tim.o
       190          0          0          0          0      21055   stm32f4xx_hal_tim_ex.o
       334          0          0          0          0      32135   stm32f4xx_hal_uart.o
        44          0          0          0          0       4572   stm32f4xx_it.o
      2630          0          0          0          0      39953   stm32f4xx_ll_usb.o
        18          0         24          4          0       2769   system_stm32f4xx.o

    ----------------------------------------------------------------------
     10856         36        510         60       3020     249104   Object Totals
         0          0         32          0          0          0   (incl. Generated)
        78          0          2          0          8          0   (incl. Padding)

    ----------------------------------------------------------------------

      Code (inc. data)   RO Data    RW Data    ZI Data      Debug   Library Member Name

         8          0          0          0          0         68   __main.o
         0          0          0          0          0          0   __rtentry.o
        12          0          0          0          0          0   __rtentry2.o
         6          0          0          0          0          0   __rtentry4.o
        94          8          0          0          0          0   __scatter.o
        26          0          0          0          0          0   __scatter_copy.o
        28          0          0          0          0          0   __scatter_zi.o
        18          0          0          0          0         80   exit.o
         6          0          0          0          0        152   heapauxi.o
         0          0          0          0          0          0   indicate_semi.o
         2          0          0          0          0          0   libinit.o
         6          0          0          0          0          0   libinit2.o
         2          0          0          0          0          0   libshutdown.o
         2          0          0          0          0          0   libshutdown2.o
         8          4          0          0         96         68   libspace.o
       240          0          0          0          0        100   lludivv7m.o
        78          0          0          0          0         80   rt_memclr_w.o
         2          0          0          0          0          0   rtexit.o
        10          0          0          0          0          0   rtexit2.o
        12          4          0          0          0         68   sys_exit.o
        74          0          0          0          0         80   sys_stackheap_outer.o
         2          0          0          0          0         68   use_no_semi.o
        26          0          0          0          0        116   fpinit.o

    ----------------------------------------------------------------------
       670         16          0          0         96        880   Library Totals
         8          0          0          0          0          0   (incl. Padding)

    ----------------------------------------------------------------------

      Code (inc. data)   RO Data    RW Data    ZI Data      Debug   Library Name

       636         16          0          0         96        764   c_w.l
        26          0          0          0          0        116   fz_wm.l

    ----------------------------------------------------------------------
       670         16          0          0         96        880   Library Totals

    ----------------------------------------------------------------------

==============================================================================


      Code (inc. data)   RO Data    RW Data    ZI Data      Debug   

     11526         52        510         60       3116     249512   Grand Totals
     11526         52        510         60       3116     249512   ELF Image Totals
     11526         52        510         60          0          0   ROM Totals

==============================================================================

    Total RO  Size (Code + RO Data)                12036 (  11.75kB)
    Total RW  Size (RW Data + ZI Data)              3176 (   3.10kB)
    Total ROM Size (Code + RO Data + RW Data)      12096 (  11.81kB)

==============================================================================

